<html>
<body>
<pre>
<h1>礦ision Build Log</h1>
<h2>Tool Versions:</h2>
IDE-Version: μVision V5.21.1.0
Copyright (C) 2016 ARM Ltd and ARM Germany GmbH. All rights reserved.
License Information: 11111111 微软用户, 微软中国, LIC=V8556-DKGRL-EYIVT-RZZEN-UEXBZ-DQHWR
 
Tool Versions:
Toolchain:       MDK-ARM Professional  Version: 5.21a
Toolchain Path:  C:\C\Keil_v5\ARM\ARMCC\Bin
C Compiler:      Armcc.exe V5.06 update 3 (build 300)
Assembler:       Armasm.exe V5.06 update 3 (build 300)
Linker/Locator:  ArmLink.exe V5.06 update 3 (build 300)
Library Manager: ArmAr.exe V5.06 update 3 (build 300)
Hex Converter:   FromElf.exe V5.06 update 3 (build 300)
CPU DLL:         SARMCM3.DLL V5.21a
Dialog DLL:      DARMSTM.DLL V1.66.0.1
Target DLL:      STLink\ST-LINKIII-KEIL_SWO.dll V2.0.18.0
Dialog DLL:      TCM.DLL V1.14.14.0
 
<h2>Project:</h2>
D:\My_files\thinkProject\Git6\Git5\Git\Project\liuchuanjia.uvprojx
Project File Date:  03/21/2017

<h2>Output:</h2>
*** Using Compiler 'V5.06 update 3 (build 300)', folder: 'C:\C\Keil_v5\ARM\ARMCC\Bin'
Rebuild target 'liuchuanjia'
compiling stm32f10x_gpio.c...
compiling stm32f10x_rcc.c...
assembling startup_stm32f10x_hd.s...
compiling stm32f10x_usart.c...
compiling misc.c...
compiling stm32f10x_tim.c...
compiling stm32f10x_i2c.c...
compiling stm32f10x_spi.c...
compiling stm32f10x_flash.c...
compiling stm32f10x_it.c...
compiling main.c...
compiling Time2_App.c...
compiling chipid.c...
compiling delay.c...
compiling key.c...
compiling core_cm3.c...
compiling Usart_string.c...
compiling usart1.c...
compiling system_stm32f10x.c...
compiling Admin.c...
compiling Com_user.c...
compiling 24cxx.c...
compiling myiic.c...
compiling sys.c...
compiling spi_flash.c...
compiling Tem_User.c...
compiling Door_Control.c...
compiling json_infer.c...
compiling cJSON.c...
compiling arc4.c...
compiling rsa_think.c...
compiling str_hex.c...
linking...
Program Size: Code=45480 RO-data=7888 RW-data=156 ZI-data=8228  
FromELF: creating hex file...
"..\Output\liuchuanjia.axf" - 0 Error(s), 0 Warning(s).

<h2>Collection of Component include folders:</h2>
  D:\My_files\thinkProject\Git6\Git5\Git\Project\RTE
  C:\C\Keil_v5\ARM\PACK\Keil\STM32F1xx_DFP\2.1.0\Device\Include

<h2>Collection of Component Files used:</h2>
Build Time Elapsed:  00:00:12
</pre>
</body>
</html>
