Component: ARM Compiler 5.06 update 3 (build 300) Tool: armlink [4d35c9]

==============================================================================

Section Cross References

    startup_stm32f10x_hd.o(RESET) refers to startup_stm32f10x_hd.o(STACK) for __initial_sp
    startup_stm32f10x_hd.o(RESET) refers to startup_stm32f10x_hd.o(.text) for Reset_Handler
    startup_stm32f10x_hd.o(RESET) refers to stm32f10x_it.o(.text) for TIM2_IRQHandler
    startup_stm32f10x_hd.o(.text) refers to system_stm32f10x.o(.text) for SystemInit
    startup_stm32f10x_hd.o(.text) refers to entry.o(.ARM.Collect$$$$00000000) for __main
    stm32f10x_gpio.o(.text) refers to stm32f10x_rcc.o(.text) for RCC_APB2PeriphResetCmd
    stm32f10x_rcc.o(.text) refers to stm32f10x_rcc.o(.data) for APBAHBPrescTable
    stm32f10x_usart.o(.text) refers to stm32f10x_rcc.o(.text) for RCC_APB2PeriphResetCmd
    stm32f10x_tim.o(.text) refers to stm32f10x_rcc.o(.text) for RCC_APB2PeriphResetCmd
    stm32f10x_i2c.o(.text) refers to stm32f10x_rcc.o(.text) for RCC_APB1PeriphResetCmd
    stm32f10x_spi.o(.text) refers to stm32f10x_rcc.o(.text) for RCC_APB2PeriphResetCmd
    main.o(.text) refers to system_stm32f10x.o(.text) for SystemInit
    main.o(.text) refers to usart1.o(.text) for USART1_Config
    main.o(.text) refers to time2_app.o(.text) for Tim2_Configure
    main.o(.text) refers to 24cxx.o(.text) for AT24CXX_Init
    main.o(.text) refers to delay.o(.text) for delay_init
    main.o(.text) refers to json_infer.o(.text) for JSON_Handle
    main.o(.text) refers to arc4.o(.text) for Arc4Encrypt
    main.o(.text) refers to printfa.o(i.__0printf) for __2printf
    main.o(.text) refers to memmovea.o(.text) for __aeabi_memcpy4
    main.o(.text) refers to memseta.o(.text) for __aeabi_memclr4
    main.o(.text) refers to str_hex.o(.text) for Str2HexPain
    main.o(.text) refers to stm32f10x_rcc.o(.text) for RCC_DeInit
    main.o(.text) refers to rsa_think.o(.text) for RSA_Public_Encrypt
    main.o(.text) refers to main.o(.conststring) for .conststring
    stm32f10x_it.o(.text) refers to stm32f10x_tim.o(.text) for TIM_GetITStatus
    stm32f10x_it.o(.text) refers to door_control.o(.text) for Close_door
    stm32f10x_it.o(.text) refers to usart_string.o(.data) for usart1It
    stm32f10x_it.o(.text) refers to door_control.o(.data) for Opendoor_Staus
    stm32f10x_it.o(.text) refers to stm32f10x_it.o(.data) for Opentime_count
    chipid.o(.text) refers to 24cxx.o(.text) for AT24C128_Save
    chipid.o(.text) refers to chipid.o(.bss) for ID_buffer
    time2_app.o(.text) refers to stm32f10x_rcc.o(.text) for RCC_APB2PeriphClockCmd
    time2_app.o(.text) refers to stm32f10x_gpio.o(.text) for GPIO_Init
    time2_app.o(.text) refers to misc.o(.text) for NVIC_PriorityGroupConfig
    time2_app.o(.text) refers to stm32f10x_tim.o(.text) for TIM_DeInit
    delay.o(.text) refers to delay.o(.data) for fac_us
    key.o(.text) refers to stm32f10x_rcc.o(.text) for RCC_APB2PeriphClockCmd
    key.o(.text) refers to stm32f10x_gpio.o(.text) for GPIO_Init
    key.o(.text) refers to key.o(.data) for Key_Status
    usart_string.o(.text) refers to stm32f10x_tim.o(.text) for TIM_Cmd
    usart_string.o(.text) refers to stm32f10x_usart.o(.text) for USART_GetFlagStatus
    usart_string.o(.text) refers to usart_string.o(.data) for usart1It
    system_stm32f10x.o(.text) refers to system_stm32f10x.o(.data) for SystemCoreClock
    usart1.o(.text) refers to stm32f10x_rcc.o(.text) for RCC_APB2PeriphClockCmd
    usart1.o(.text) refers to stm32f10x_gpio.o(.text) for GPIO_Init
    usart1.o(.text) refers to stm32f10x_usart.o(.text) for USART_Init
    admin.o(.text) refers to memseta.o(.text) for __aeabi_memclr4
    admin.o(.text) refers to cjson.o(.text) for cJSON_GetObjectItem
    admin.o(.text) refers to printfa.o(i.__0sprintf) for __2sprintf
    admin.o(.text) refers to 24cxx.o(.text) for AT24C128_Save
    admin.o(.text) refers to chipid.o(.text) for Get_ChipID
    admin.o(.text) refers to printfa.o(i.__0printf) for __2printf
    admin.o(.text) refers to malloc.o(i.free) for free
    admin.o(.text) refers to atoi.o(.text) for atoi
    admin.o(.text) refers to memmovea.o(.text) for __aeabi_memcpy4
    admin.o(.text) refers to chipid.o(.bss) for STM32_ID
    admin.o(.text) refers to door_control.o(.data) for openuserIndex
    admin.o(.text) refers to malloc.o(i.malloc) for malloc
    admin.o(.text) refers to admin.o(.data) for comuserAdd
    admin.o(.text) refers to strcmp.o(.text) for strcmp
    admin.o(.text) refers to tem_user.o(.text) for FindThisTemUserBase_Name_Logpwd
    com_user.o(.text) refers to memseta.o(.text) for __aeabi_memclr4
    com_user.o(.text) refers to cjson.o(.text) for cJSON_GetObjectItem
    com_user.o(.text) refers to printfa.o(i.__0sprintf) for __2sprintf
    com_user.o(.text) refers to admin.o(.text) for FindThisUserBase_Name
    com_user.o(.text) refers to 24cxx.o(.text) for AT24CXX_Read
    com_user.o(.text) refers to atoi.o(.text) for atoi
[...]
    Add_Moduli_Big                           0x08008559   Thumb Code   392  crypto.o(i.Add_Moduli_Big)
    i.Big_to_W8                              0x080086e0   Section        0  crypto.o(i.Big_to_W8)
    i.CompareBig                             0x08008744   Section        0  crypto.o(i.CompareBig)
    i.CopyBig                                0x080087e4   Section        0  crypto.o(i.CopyBig)
    i.CountBits                              0x08008846   Section        0  crypto.o(i.CountBits)
    i.CountBytes                             0x0800887a   Section        0  crypto.o(i.CountBytes)
    i.DRBG_AES128_Block_cipher_df            0x080088b0   Section        0  crypto.o(i.DRBG_AES128_Block_cipher_df)
    DRBG_AES128_Block_cipher_df              0x080088b1   Thumb Code   372  crypto.o(i.DRBG_AES128_Block_cipher_df)
    i.DRBG_AES128_Update                     0x08008a28   Section        0  crypto.o(i.DRBG_AES128_Update)
    DRBG_AES128_Update                       0x08008a29   Thumb Code   136  crypto.o(i.DRBG_AES128_Update)
    i.FastMulInnerBase                       0x08008ab0   Section        0  crypto.o(i.FastMulInnerBase)
    i.InitBig                                0x08008b0c   Section        0  crypto.o(i.InitBig)
    i.IsZeroBig                              0x08008b4e   Section        0  crypto.o(i.IsZeroBig)
    i.LeftShift                              0x08008b64   Section        0  crypto.o(i.LeftShift)
    i.ModularExpSlidWin                      0x08008bd8   Section        0  crypto.o(i.ModularExpSlidWin)
    i.MontyExit                              0x08008e2c   Section        0  crypto.o(i.MontyExit)
    i.MontyInit                              0x08008e6e   Section        0  crypto.o(i.MontyInit)
    i.MontyKillAll                           0x08008fc0   Section        0  crypto.o(i.MontyKillAll)
    i.MontyKillR2                            0x08008fda   Section        0  crypto.o(i.MontyKillR2)
    i.MontyMul                               0x08008fe6   Section        0  crypto.o(i.MontyMul)
    i.MulBigbyUnInt                          0x08009146   Section        0  crypto.o(i.MulBigbyUnInt)
    i.RNGinit                                0x080091a0   Section        0  crypto.o(i.RNGinit)
    i.RSASP1                                 0x08009280   Section        0  crypto.o(i.RSASP1)
    i.RSAVP1                                 0x080092e0   Section        0  crypto.o(i.RSAVP1)
    i.RSA_PKCS1v15_Decrypt                   0x08009304   Section        0  crypto.o(i.RSA_PKCS1v15_Decrypt)
    i.RSA_PKCS1v15_Encrypt                   0x080094b4   Section        0  crypto.o(i.RSA_PKCS1v15_Encrypt)
    i.SetZeroBig                             0x0800969c   Section        0  crypto.o(i.SetZeroBig)
    i.StAllocBig                             0x080096c2   Section        0  crypto.o(i.StAllocBig)
    i.StFreeBig                              0x08009704   Section        0  crypto.o(i.StFreeBig)
    i.SubBig                                 0x08009728   Section        0  crypto.o(i.SubBig)
    i.Sub_Moduli_Big                         0x080097fc   Section        0  crypto.o(i.Sub_Moduli_Big)
    i.W8_to_Big                              0x08009900   Section        0  crypto.o(i.W8_to_Big)
    i.__0printf                              0x080099c8   Section        0  printfa.o(i.__0printf)
    i.__0sprintf                             0x080099e8   Section        0  printfa.o(i.__0sprintf)
    i.__ARM_fpclassify                       0x08009a10   Section        0  fpclassify.o(i.__ARM_fpclassify)
    i.__aeabi_errno_addr                     0x08009a38   Section        0  errno.o(i.__aeabi_errno_addr)
    i.__kernel_poly                          0x08009a40   Section        0  poly.o(i.__kernel_poly)
    i.__mathlib_dbl_divzero                  0x08009aec   Section        0  dunder.o(i.__mathlib_dbl_divzero)
    i.__mathlib_dbl_infnan2                  0x08009afc   Section        0  dunder.o(i.__mathlib_dbl_infnan2)
    i.__mathlib_dbl_invalid                  0x08009b00   Section        0  dunder.o(i.__mathlib_dbl_invalid)
    i.__mathlib_dbl_overflow                 0x08009b0c   Section        0  dunder.o(i.__mathlib_dbl_overflow)
    i.__mathlib_dbl_underflow                0x08009b1c   Section        0  dunder.o(i.__mathlib_dbl_underflow)
    i.__scatterload_copy                     0x08009b2c   Section       14  handlers.o(i.__scatterload_copy)
    i.__scatterload_null                     0x08009b3a   Section        2  handlers.o(i.__scatterload_null)
    i.__scatterload_zeroinit                 0x08009b3c   Section       14  handlers.o(i.__scatterload_zeroinit)
    i.__set_errno                            0x08009b4c   Section        0  errno.o(i.__set_errno)
    i._fp_digits                             0x08009b58   Section        0  printfa.o(i._fp_digits)
    _fp_digits                               0x08009b59   Thumb Code   366  printfa.o(i._fp_digits)
    i._printf_core                           0x08009cdc   Section        0  printfa.o(i._printf_core)
    _printf_core                             0x08009cdd   Thumb Code  1744  printfa.o(i._printf_core)
    i._printf_post_padding                   0x0800a3b8   Section        0  printfa.o(i._printf_post_padding)
    _printf_post_padding                     0x0800a3b9   Thumb Code    36  printfa.o(i._printf_post_padding)
    i._printf_pre_padding                    0x0800a3dc   Section        0  printfa.o(i._printf_pre_padding)
    _printf_pre_padding                      0x0800a3dd   Thumb Code    46  printfa.o(i._printf_pre_padding)
    i._sputc                                 0x0800a40a   Section        0  printfa.o(i._sputc)
    _sputc                                   0x0800a40b   Thumb Code    10  printfa.o(i._sputc)
    i.crl_DRBG_AES128_Generate               0x0800a414   Section        0  crypto.o(i.crl_DRBG_AES128_Generate)
    i.crl_ModularExp                         0x0800a5f2   Section        0  crypto.o(i.crl_ModularExp)
    crl_ModularExp                           0x0800a5f3   Thumb Code   296  crypto.o(i.crl_ModularExp)
    i.floor                                  0x0800a71c   Section        0  floor.o(i.floor)
    i.free                                   0x0800a7f8   Section        0  malloc.o(i.free)
    i.malloc                                 0x0800a848   Section        0  malloc.o(i.malloc)
    i.pow                                    0x0800a8b4   Section        0  pow.o(i.pow)
    i.sqrt                                   0x0800b28c   Section        0  sqrt.o(i.sqrt)
    .constdata                               0x0800b2d8   Section        7  cjson.o(.constdata)
    firstByteMark                            0x0800b2d8   Data           7  cjson.o(.constdata)
    .constdata                               0x0800b2e0   Section       37  str_hex.o(.constdata)
    .constdata                               0x0800b308   Section     7012  crypto.o(.constdata)
    table_reduction8                         0x0800bd34   Data         512  crypto.o(.constdata)
    table_reduction4                         0x0800bf34   Data          32  crypto.o(.constdata)
    sha512_K                                 0x0800c858   Data         640  crypto.o(.constdata)
    tau                                      0x0800cae8   Data          16  crypto.o(.constdata)
    m                                        0x0800caf8   Data          32  crypto.o(.constdata)
    mu                                       0x0800cb18   Data          36  crypto.o(.constdata)
    ge25519_ecd                              0x0800cb3c   Data          32  crypto.o(.constdata)
    ge25519_ec2d                             0x0800cbdc   Data          32  crypto.o(.constdata)
    ge25519_sqrtm1                           0x0800cbfc   Data          32  crypto.o(.constdata)
    pad                                      0x0800cc8c   Data          64  crypto.o(.constdata)
    .constdata                               0x0800ce70   Section      136  pow.o(.constdata)
    bp                                       0x0800ce70   Data          16  pow.o(.constdata)
    dp_h                                     0x0800ce80   Data          16  pow.o(.constdata)
    dp_l                                     0x0800ce90   Data          16  pow.o(.constdata)
    L                                        0x0800cea0   Data          48  pow.o(.constdata)
    P                                        0x0800ced0   Data          40  pow.o(.constdata)
    .constdata                               0x0800cef8   Section        8  qnan.o(.constdata)
    .constdata                               0x0800cf00   Section      129  ctype_o.o(.constdata)
    .constdata                               0x0800cf84   Section        4  ctype_o.o(.constdata)
    table                                    0x0800cf84   Data           4  ctype_o.o(.constdata)
    .conststring                             0x0800cf88   Section      205  main.o(.conststring)
    .data                                    0x20000000   Section       20  stm32f10x_rcc.o(.data)
    APBAHBPrescTable                         0x20000000   Data          16  stm32f10x_rcc.o(.data)
    ADCPrescTable                            0x20000010   Data           4  stm32f10x_rcc.o(.data)
    .data                                    0x20000014   Section        4  stm32f10x_it.o(.data)
    Opentime_count                           0x20000014   Data           4  stm32f10x_it.o(.data)
    .data                                    0x20000018   Section        4  delay.o(.data)
    fac_us                                   0x20000018   Data           1  delay.o(.data)
    fac_ms                                   0x2000001a   Data           2  delay.o(.data)
    .data                                    0x2000001c   Section        2  usart_string.o(.data)
    .data                                    0x20000020   Section       20  system_stm32f10x.o(.data)
    .data                                    0x20000034   Section       20  admin.o(.data)
    .data                                    0x20000048   Section       12  door_control.o(.data)
    .data                                    0x20000054   Section       12  cjson.o(.data)
    global_ep                                0x20000054   Data           4  cjson.o(.data)
    cJSON_malloc                             0x20000058   Data           4  cjson.o(.data)
    cJSON_free                               0x2000005c   Data           4  cjson.o(.data)
    .data                                    0x20000060   Section       41  rsa_think.o(.data)
    .data                                    0x2000008c   Section        4  stdout.o(.data)
    .data                                    0x20000090   Section        4  mvars.o(.data)
    .data                                    0x20000094   Section        4  mvars.o(.data)
    .data                                    0x20000098   Section        4  errno.o(.data)
    _errno                                   0x20000098   Data           4  errno.o(.data)
    .bss                                     0x2000009c   Section       36  chipid.o(.bss)
    .bss                                     0x200000c0   Section     4096  rsa_think.o(.bss)
    HEAP                                     0x200010c0   Section     3072  startup_stm32f10x_hd.o(HEAP)
    STACK                                    0x20001cc0   Section     1024  startup_stm32f10x_hd.o(STACK)

    Global Symbols

    Symbol Name                              Value     Ov Type        Size  Object(Section)

    BuildAttributes$$THM_ISAv4$P$D$K$B$S$PE$A:L22UL41UL21$X:L11$S22US41US21$IEEE1$IW$USESV6$~STKCKD$USESV7$~SHL$OTIME$ROPI$IEEEX$EBA8$MICROLIB$REQ8$PRES8$EABIv2 0x00000000   Number         0  anon$$obj.o ABSOLUTE
    __ARM_use_no_argv                        0x00000000   Number         0  main.o ABSOLUTE
    _printf_a                                0x00000000   Number         0  stubs.o ABSOLUTE
    _printf_c                                0x00000000   Number         0  stubs.o ABSOLUTE
    _printf_charcount                        0x00000000   Number         0  stubs.o ABSOLUTE
    _printf_d                                0x00000000   Number         0  stubs.o ABSOLUTE
    _printf_e                                0x00000000   Number         0  stubs.o ABSOLUTE
    _printf_f                                0x00000000   Number         0  stubs.o ABSOLUTE
    _printf_flags                            0x00000000   Number         0  stubs.o ABSOLUTE
    _printf_fp_dec                           0x00000000   Number         0  stubs.o ABSOLUTE
    _printf_fp_hex                           0x00000000   Number         0  stubs.o ABSOLUTE
    _printf_g                                0x00000000   Number         0  stubs.o ABSOLUTE
    _printf_i                                0x00000000   Number         0  stubs.o ABSOLUTE
    _printf_int_dec                          0x00000000   Number         0  stubs.o ABSOLUTE
    _printf_l                                0x00000000   Number         0  stubs.o ABSOLUTE
    _printf_lc                               0x00000000   Number         0  stubs.o ABSOLUTE
    _printf_ll                               0x00000000   Number         0  stubs.o ABSOLUTE
    _printf_lld                              0x00000000   Number         0  stubs.o ABSOLUTE
    _printf_lli                              0x00000000   Number         0  stubs.o ABSOLUTE
    _printf_llo                              0x00000000   Number         0  stubs.o ABSOLUTE
    _printf_llu                              0x00000000   Number         0  stubs.o ABSOLUTE
    _printf_llx                              0x00000000   Number         0  stubs.o ABSOLUTE
    _printf_longlong_dec                     0x00000000   Number         0  stubs.o ABSOLUTE
    _printf_longlong_hex                     0x00000000   Number         0  stubs.o ABSOLUTE
    _printf_longlong_oct                     0x00000000   Number         0  stubs.o ABSOLUTE
    _printf_ls                               0x00000000   Number         0  stubs.o ABSOLUTE
    _printf_mbtowc                           0x00000000   Number         0  stubs.o ABSOLUTE
    _printf_n                                0x00000000   Number         0  stubs.o ABSOLUTE
    _printf_o                                0x00000000   Number         0  stubs.o ABSOLUTE
    _printf_p                                0x00000000   Number         0  stubs.o ABSOLUTE
    _printf_percent                          0x00000000   Number         0  stubs.o ABSOLUTE
    _printf_pre_padding                      0x00000000   Number         0  stubs.o ABSOLUTE
    _printf_return_value                     0x00000000   Number         0  stubs.o ABSOLUTE
    _printf_s                                0x00000000   Number         0  stubs.o ABSOLUTE
    _printf_sizespec                         0x00000000   Number         0  stubs.o ABSOLUTE
    _printf_str                              0x00000000   Number         0  stubs.o ABSOLUTE
    _printf_truncate_signed                  0x00000000   Number         0  stubs.o ABSOLUTE
    _printf_truncate_unsigned                0x00000000   Number         0  stubs.o ABSOLUTE
    _printf_u                                0x00000000   Number         0  stubs.o ABSOLUTE
    _printf_wc                               0x00000000   Number         0  stubs.o ABSOLUTE
    _printf_wctomb                           0x00000000   Number         0  stubs.o ABSOLUTE
    _printf_widthprec                        0x00000000   Number         0  stubs.o ABSOLUTE
    _printf_x                                0x00000000   Number         0  stubs.o ABSOLUTE
    __cpp_initialize__aeabi_                  - Undefined Weak Reference
    __cxa_finalize                            - Undefined Weak Reference
    __decompress                              - Undefined Weak Reference
    _clock_init                               - Undefined Weak Reference
    _microlib_exit                            - Undefined Weak Reference
    __Vectors_Size                           0x00000130   Number         0  startup_stm32f10x_hd.o ABSOLUTE
    __Vectors                                0x08000000   Data           4  startup_stm32f10x_hd.o(RESET)
    __Vectors_End                            0x08000130   Data           0  startup_stm32f10x_hd.o(RESET)
    __main                                   0x08000131   Thumb Code     0  entry.o(.ARM.Collect$$$$00000000)
    _main_stk                                0x08000131   Thumb Code     0  entry2.o(.ARM.Collect$$$$00000001)
    _main_scatterload                        0x08000135   Thumb Code     0  entry5.o(.ARM.Collect$$$$00000004)
    __main_after_scatterload                 0x08000139   Thumb Code     0  entry5.o(.ARM.Collect$$$$00000004)
    _main_clock                              0x08000139   Thumb Code     0  entry7b.o(.ARM.Collect$$$$00000008)
    _main_cpp_init                           0x08000139   Thumb Code     0  entry8b.o(.ARM.Collect$$$$0000000A)
    _main_init                               0x08000139   Thumb Code     0  entry9a.o(.ARM.Collect$$$$0000000B)
    __rt_final_cpp                           0x08000141   Thumb Code     0  entry10a.o(.ARM.Collect$$$$0000000D)
    __rt_final_exit                          0x08000141   Thumb Code     0  entry11a.o(.ARM.Collect$$$$0000000F)
    Reset_Handler                            0x08000145   Thumb Code     8  startup_stm32f10x_hd.o(.text)
    NMI_Handler                              0x0800014d   Thumb Code     2  startup_stm32f10x_hd.o(.text)
    HardFault_Handler                        0x0800014f   Thumb Code     2  startup_stm32f10x_hd.o(.text)
    MemManage_Handler                        0x08000151   Thumb Code     2  startup_stm32f10x_hd.o(.text)
    BusFault_Handler                         0x08000153   Thumb Code     2  startup_stm32f10x_hd.o(.text)
    UsageFault_Handler                       0x08000155   Thumb Code     2  startup_stm32f10x_hd.o(.text)
    SVC_Handler                              0x08000157   Thumb Code     2  startup_stm32f10x_hd.o(.text)
    DebugMon_Handler                         0x08000159   Thumb Code     2  startup_stm32f10x_hd.o(.text)
    PendSV_Handler                           0x0800015b   Thumb Code     2  startup_stm32f10x_hd.o(.text)
    SysTick_Handler                          0x0800015d   Thumb Code     2  startup_stm32f10x_hd.o(.text)
    ADC1_2_IRQHandler                        0x0800015f   Thumb Code     0  startup_stm32f10x_hd.o(.text)
    ADC3_IRQHandler                          0x0800015f   Thumb Code     0  startup_stm32f10x_hd.o(.text)
    CAN1_RX1_IRQHandler                      0x0800015f   Thumb Code     0  startup_stm32f10x_hd.o(.text)
    CAN1_SCE_IRQHandler                      0x0800015f   Thumb Code     0  startup_stm32f10x_hd.o(.text)
    DMA1_Channel1_IRQHandler                 0x0800015f   Thumb Code     0  startup_stm32f10x_hd.o(.text)
    DMA1_Channel2_IRQHandler                 0x0800015f   Thumb Code     0  startup_stm32f10x_hd.o(.text)
    DMA1_Channel3_IRQHandler                 0x0800015f   Thumb Code     0  startup_stm32f10x_hd.o(.text)
    DMA1_Channel4_IRQHandler                 0x0800015f   Thumb Code     0  startup_stm32f10x_hd.o(.text)
    DMA1_Channel5_IRQHandler                 0x0800015f   Thumb Code     0  startup_stm32f10x_hd.o(.text)
    DMA1_Channel6_IRQHandler                 0x0800015f   Thumb Code     0  startup_stm32f10x_hd.o(.text)
    DMA1_Channel7_IRQHandler                 0x0800015f   Thumb Code     0  startup_stm32f10x_hd.o(.text)
    DMA2_Channel1_IRQHandler                 0x0800015f   Thumb Code     0  startup_stm32f10x_hd.o(.text)
    DMA2_Channel2_IRQHandler                 0x0800015f   Thumb Code     0  startup_stm32f10x_hd.o(.text)
    DMA2_Channel3_IRQHandler                 0x0800015f   Thumb Code     0  startup_stm32f10x_hd.o(.text)
    DMA2_Channel4_5_IRQHandler               0x0800015f   Thumb Code     0  startup_stm32f10x_hd.o(.text)
    EXTI0_IRQHandler                         0x0800015f   Thumb Code     0  startup_stm32f10x_hd.o(.text)
    EXTI15_10_IRQHandler                     0x0800015f   Thumb Code     0  startup_stm32f10x_hd.o(.text)
    EXTI1_IRQHandler                         0x0800015f   Thumb Code     0  startup_stm32f10x_hd.o(.text)
    EXTI2_IRQHandler                         0x0800015f   Thumb Code     0  startup_stm32f10x_hd.o(.text)
    EXTI3_IRQHandler                         0x0800015f   Thumb Code     0  startup_stm32f10x_hd.o(.text)
    EXTI4_IRQHandler                         0x0800015f   Thumb Code     0  startup_stm32f10x_hd.o(.text)
    EXTI9_5_IRQHandler                       0x0800015f   Thumb Code     0  startup_stm32f10x_hd.o(.text)
    FLASH_IRQHandler                         0x0800015f   Thumb Code     0  startup_stm32f10x_hd.o(.text)
    FSMC_IRQHandler                          0x0800015f   Thumb Code     0  startup_stm32f10x_hd.o(.text)
    I2C1_ER_IRQHandler                       0x0800015f   Thumb Code     0  startup_stm32f10x_hd.o(.text)
    I2C1_EV_IRQHandler                       0x0800015f   Thumb Code     0  startup_stm32f10x_hd.o(.text)
    I2C2_ER_IRQHandler                       0x0800015f   Thumb Code     0  startup_stm32f10x_hd.o(.text)
    I2C2_EV_IRQHandler                       0x0800015f   Thumb Code     0  startup_stm32f10x_hd.o(.text)
    PVD_IRQHandler                           0x0800015f   Thumb Code     0  startup_stm32f10x_hd.o(.text)
    RCC_IRQHandler                           0x0800015f   Thumb Code     0  startup_stm32f10x_hd.o(.text)
    RTCAlarm_IRQHandler                      0x0800015f   Thumb Code     0  startup_stm32f10x_hd.o(.text)
    RTC_IRQHandler                           0x0800015f   Thumb Code     0  startup_stm32f10x_hd.o(.text)
    SDIO_IRQHandler                          0x0800015f   Thumb Code     0  startup_stm32f10x_hd.o(.text)
    SPI1_IRQHandler                          0x0800015f   Thumb Code     0  startup_stm32f10x_hd.o(.text)
    SPI2_IRQHandler                          0x0800015f   Thumb Code     0  startup_stm32f10x_hd.o(.text)
    SPI3_IRQHandler                          0x0800015f   Thumb Code     0  startup_stm32f10x_hd.o(.text)
    TAMPER_IRQHandler                        0x0800015f   Thumb Code     0  startup_stm32f10x_hd.o(.text)
    TIM1_BRK_IRQHandler                      0x0800015f   Thumb Code     0  startup_stm32f10x_hd.o(.text)
    TIM1_CC_IRQHandler                       0x0800015f   Thumb Code     0  startup_stm32f10x_hd.o(.text)
    TIM1_TRG_COM_IRQHandler                  0x0800015f   Thumb Code     0  startup_stm32f10x_hd.o(.text)
    TIM1_UP_IRQHandler                       0x0800015f   Thumb Code     0  startup_stm32f10x_hd.o(.text)
    TIM3_IRQHandler                          0x0800015f   Thumb Code     0  startup_stm32f10x_hd.o(.text)
    TIM4_IRQHandler                          0x0800015f   Thumb Code     0  startup_stm32f10x_hd.o(.text)
    TIM5_IRQHandler                          0x0800015f   Thumb Code     0  startup_stm32f10x_hd.o(.text)
    TIM6_IRQHandler                          0x0800015f   Thumb Code     0  startup_stm32f10x_hd.o(.text)
    TIM7_IRQHandler                          0x0800015f   Thumb Code     0  startup_stm32f10x_hd.o(.text)
    TIM8_BRK_IRQHandler                      0x0800015f   Thumb Code     0  startup_stm32f10x_hd.o(.text)
    TIM8_CC_IRQHandler                       0x0800015f   Thumb Code     0  startup_stm32f10x_hd.o(.text)
    TIM8_TRG_COM_IRQHandler                  0x0800015f   Thumb Code     0  startup_stm32f10x_hd.o(.text)
    TIM8_UP_IRQHandler                       0x0800015f   Thumb Code     0  startup_stm32f10x_hd.o(.text)
    UART4_IRQHandler                         0x0800015f   Thumb Code     0  startup_stm32f10x_hd.o(.text)
    UART5_IRQHandler                         0x0800015f   Thumb Code     0  startup_stm32f10x_hd.o(.text)
    USART1_IRQHandler                        0x0800015f   Thumb Code     0  startup_stm32f10x_hd.o(.text)
    USART2_IRQHandler                        0x0800015f   Thumb Code     0  startup_stm32f10x_hd.o(.text)
    USART3_IRQHandler                        0x0800015f   Thumb Code     0  startup_stm32f10x_hd.o(.text)
    USBWakeUp_IRQHandler                     0x0800015f   Thumb Code     0  startup_stm32f10x_hd.o(.text)
    USB_HP_CAN1_TX_IRQHandler                0x0800015f   Thumb Code     0  startup_stm32f10x_hd.o(.text)
    USB_LP_CAN1_RX0_IRQHandler               0x0800015f   Thumb Code     0  startup_stm32f10x_hd.o(.text)
    WWDG_IRQHandler                          0x0800015f   Thumb Code     0  startup_stm32f10x_hd.o(.text)
    GPIO_DeInit                              0x08000169   Thumb Code   172  stm32f10x_gpio.o(.text)
    GPIO_AFIODeInit                          0x08000215   Thumb Code    20  stm32f10x_gpio.o(.text)
    GPIO_Init                                0x08000229   Thumb Code   278  stm32f10x_gpio.o(.text)
    GPIO_StructInit                          0x0800033f   Thumb Code    16  stm32f10x_gpio.o(.text)
    GPIO_ReadInputDataBit                    0x0800034f   Thumb Code    18  stm32f10x_gpio.o(.text)
    GPIO_ReadInputData                       0x08000361   Thumb Code     8  stm32f10x_gpio.o(.text)
    GPIO_ReadOutputDataBit                   0x08000369   Thumb Code    18  stm32f10x_gpio.o(.text)
    GPIO_ReadOutputData                      0x0800037b   Thumb Code     8  stm32f10x_gpio.o(.text)
    GPIO_SetBits                             0x08000383   Thumb Code     4  stm32f10x_gpio.o(.text)
    GPIO_ResetBits                           0x08000387   Thumb Code     4  stm32f10x_gpio.o(.text)
    GPIO_WriteBit                            0x0800038b   Thumb Code    10  stm32f10x_gpio.o(.text)
    GPIO_Write                               0x08000395   Thumb Code     4  stm32f10x_gpio.o(.text)
    GPIO_PinLockConfig                       0x08000399   Thumb Code    18  stm32f10x_gpio.o(.text)
    GPIO_EventOutputConfig                   0x080003ab   Thumb Code    26  stm32f10x_gpio.o(.text)
    GPIO_EventOutputCmd                      0x080003c5   Thumb Code     6  stm32f10x_gpio.o(.text)
    GPIO_PinRemapConfig                      0x080003cb   Thumb Code   138  stm32f10x_gpio.o(.text)
    GPIO_EXTILineConfig                      0x08000455   Thumb Code    66  stm32f10x_gpio.o(.text)
    GPIO_ETH_MediaInterfaceConfig            0x08000497   Thumb Code     8  stm32f10x_gpio.o(.text)
    RCC_DeInit                               0x080004c5   Thumb Code    64  stm32f10x_rcc.o(.text)
    RCC_HSEConfig                            0x08000505   Thumb Code    70  stm32f10x_rcc.o(.text)
    RCC_GetFlagStatus                        0x0800054b   Thumb Code    56  stm32f10x_rcc.o(.text)
    RCC_WaitForHSEStartUp                    0x08000583   Thumb Code    56  stm32f10x_rcc.o(.text)
    RCC_AdjustHSICalibrationValue            0x080005bb   Thumb Code    20  stm32f10x_rcc.o(.text)
    RCC_HSICmd                               0x080005cf   Thumb Code     6  stm32f10x_rcc.o(.text)
    RCC_PLLConfig                            0x080005d5   Thumb Code    24  stm32f10x_rcc.o(.text)
    RCC_PLLCmd                               0x080005ed   Thumb Code     6  stm32f10x_rcc.o(.text)
    RCC_SYSCLKConfig                         0x080005f3   Thumb Code    18  stm32f10x_rcc.o(.text)
    RCC_GetSYSCLKSource                      0x08000605   Thumb Code    10  stm32f10x_rcc.o(.text)
    RCC_HCLKConfig                           0x0800060f   Thumb Code    18  stm32f10x_rcc.o(.text)
    RCC_PCLK1Config                          0x08000621   Thumb Code    18  stm32f10x_rcc.o(.text)
    RCC_PCLK2Config                          0x08000633   Thumb Code    20  stm32f10x_rcc.o(.text)
    RCC_ITConfig                             0x08000647   Thumb Code    26  stm32f10x_rcc.o(.text)
    RCC_USBCLKConfig                         0x08000661   Thumb Code     8  stm32f10x_rcc.o(.text)
    RCC_ADCCLKConfig                         0x08000669   Thumb Code    18  stm32f10x_rcc.o(.text)
    RCC_LSEConfig                            0x0800067b   Thumb Code    50  stm32f10x_rcc.o(.text)
    RCC_LSICmd                               0x080006ad   Thumb Code     6  stm32f10x_rcc.o(.text)
    RCC_RTCCLKConfig                         0x080006b3   Thumb Code    12  stm32f10x_rcc.o(.text)
    RCC_RTCCLKCmd                            0x080006bf   Thumb Code     8  stm32f10x_rcc.o(.text)
    RCC_GetClocksFreq                        0x080006c7   Thumb Code   192  stm32f10x_rcc.o(.text)
    RCC_AHBPeriphClockCmd                    0x08000787   Thumb Code    26  stm32f10x_rcc.o(.text)
    RCC_APB2PeriphClockCmd                   0x080007a1   Thumb Code    26  stm32f10x_rcc.o(.text)
    RCC_APB1PeriphClockCmd                   0x080007bb   Thumb Code    26  stm32f10x_rcc.o(.text)
    RCC_APB2PeriphResetCmd                   0x080007d5   Thumb Code    26  stm32f10x_rcc.o(.text)
    RCC_APB1PeriphResetCmd                   0x080007ef   Thumb Code    26  stm32f10x_rcc.o(.text)
    RCC_BackupResetCmd                       0x08000809   Thumb Code     8  stm32f10x_rcc.o(.text)
    RCC_ClockSecuritySystemCmd               0x08000811   Thumb Code     6  stm32f10x_rcc.o(.text)
    RCC_MCOConfig                            0x08000817   Thumb Code     6  stm32f10x_rcc.o(.text)
    RCC_ClearFlag                            0x0800081d   Thumb Code    14  stm32f10x_rcc.o(.text)
    RCC_GetITStatus                          0x0800082b   Thumb Code    20  stm32f10x_rcc.o(.text)
    RCC_ClearITPendingBit                    0x0800083f   Thumb Code     6  stm32f10x_rcc.o(.text)
    USART_DeInit                             0x08000869   Thumb Code   134  stm32f10x_usart.o(.text)
    USART_Init                               0x080008ef   Thumb Code   210  stm32f10x_usart.o(.text)
    USART_StructInit                         0x080009c1   Thumb Code    24  stm32f10x_usart.o(.text)
    USART_ClockInit                          0x080009d9   Thumb Code    34  stm32f10x_usart.o(.text)
    USART_ClockStructInit                    0x080009fb   Thumb Code    12  stm32f10x_usart.o(.text)
    USART_Cmd                                0x08000a07   Thumb Code    24  stm32f10x_usart.o(.text)
    USART_ITConfig                           0x08000a1f   Thumb Code    74  stm32f10x_usart.o(.text)
    USART_DMACmd                             0x08000a69   Thumb Code    18  stm32f10x_usart.o(.text)
    USART_SetAddress                         0x08000a7b   Thumb Code    18  stm32f10x_usart.o(.text)
    USART_WakeUpConfig                       0x08000a8d   Thumb Code    18  stm32f10x_usart.o(.text)
    USART_ReceiverWakeUpCmd                  0x08000a9f   Thumb Code    24  stm32f10x_usart.o(.text)
    USART_LINBreakDetectLengthConfig         0x08000ab7   Thumb Code    18  stm32f10x_usart.o(.text)
    USART_LINCmd                             0x08000ac9   Thumb Code    24  stm32f10x_usart.o(.text)
    USART_SendData                           0x08000ae1   Thumb Code     8  stm32f10x_usart.o(.text)
    USART_ReceiveData                        0x08000ae9   Thumb Code    10  stm32f10x_usart.o(.text)
    USART_SendBreak                          0x08000af3   Thumb Code    10  stm32f10x_usart.o(.text)
    USART_SetGuardTime                       0x08000afd   Thumb Code    16  stm32f10x_usart.o(.text)
    USART_SetPrescaler                       0x08000b0d   Thumb Code    16  stm32f10x_usart.o(.text)
    USART_SmartCardCmd                       0x08000b1d   Thumb Code    24  stm32f10x_usart.o(.text)
    USART_SmartCardNACKCmd                   0x08000b35   Thumb Code    24  stm32f10x_usart.o(.text)
    USART_HalfDuplexCmd                      0x08000b4d   Thumb Code    24  stm32f10x_usart.o(.text)
    USART_OverSampling8Cmd                   0x08000b65   Thumb Code    22  stm32f10x_usart.o(.text)
    USART_OneBitMethodCmd                    0x08000b7b   Thumb Code    24  stm32f10x_usart.o(.text)
    USART_IrDAConfig                         0x08000b93   Thumb Code    18  stm32f10x_usart.o(.text)
    USART_IrDACmd                            0x08000ba5   Thumb Code    24  stm32f10x_usart.o(.text)
    USART_GetFlagStatus                      0x08000bbd   Thumb Code    26  stm32f10x_usart.o(.text)
    USART_ClearFlag                          0x08000bd7   Thumb Code    18  stm32f10x_usart.o(.text)
    USART_GetITStatus                        0x08000be9   Thumb Code    84  stm32f10x_usart.o(.text)
    USART_ClearITPendingBit                  0x08000c3d   Thumb Code    52  stm32f10x_usart.o(.text)
    TIM_DeInit                               0x08000c71   Thumb Code   424  stm32f10x_tim.o(.text)
    TIM_TimeBaseInit                         0x08000e19   Thumb Code   122  stm32f10x_tim.o(.text)
    TIM_OC1Init                              0x08000e93   Thumb Code   132  stm32f10x_tim.o(.text)
    TIM_OC2Init                              0x08000f17   Thumb Code   154  stm32f10x_tim.o(.text)
    TIM_OC3Init                              0x08000fb1   Thumb Code   150  stm32f10x_tim.o(.text)
    TIM_OC4Init                              0x08001047   Thumb Code   182  stm32f10x_tim.o(.text)
    TIM_SetIC4Prescaler                      0x080010fd   Thumb Code    26  stm32f10x_tim.o(.text)
    TIM_SetIC3Prescaler                      0x08001199   Thumb Code    18  stm32f10x_tim.o(.text)
    TIM_SetIC2Prescaler                      0x08001225   Thumb Code    26  stm32f10x_tim.o(.text)
    TIM_SetIC1Prescaler                      0x080012c1   Thumb Code    18  stm32f10x_tim.o(.text)
    TIM_ICInit                               0x0800133f   Thumb Code   150  stm32f10x_tim.o(.text)
    TIM_PWMIConfig                           0x080013d5   Thumb Code   124  stm32f10x_tim.o(.text)
    TIM_BDTRConfig                           0x08001451   Thumb Code    32  stm32f10x_tim.o(.text)
    TIM_TimeBaseStructInit                   0x08001471   Thumb Code    18  stm32f10x_tim.o(.text)
    TIM_OCStructInit                         0x08001483   Thumb Code    20  stm32f10x_tim.o(.text)
    TIM_ICStructInit                         0x08001497   Thumb Code    18  stm32f10x_tim.o(.text)
    TIM_BDTRStructInit                       0x080014a9   Thumb Code    40  stm32f10x_tim.o(.text)
    TIM_Cmd                                  0x080014d1   Thumb Code    24  stm32f10x_tim.o(.text)
    TIM_CtrlPWMOutputs                       0x080014e9   Thumb Code    30  stm32f10x_tim.o(.text)
    TIM_ITConfig                             0x08001507   Thumb Code    18  stm32f10x_tim.o(.text)
    TIM_GenerateEvent                        0x08001519   Thumb Code     4  stm32f10x_tim.o(.text)
    TIM_DMAConfig                            0x0800151d   Thumb Code    10  stm32f10x_tim.o(.text)
    TIM_DMACmd                               0x08001527   Thumb Code    18  stm32f10x_tim.o(.text)
    TIM_InternalClockConfig                  0x08001539   Thumb Code    12  stm32f10x_tim.o(.text)
    TIM_SelectInputTrigger                   0x08001545   Thumb Code    18  stm32f10x_tim.o(.text)
    TIM_ITRxExternalClockConfig              0x08001557   Thumb Code    24  stm32f10x_tim.o(.text)
    TIM_TIxExternalClockConfig               0x0800156f   Thumb Code    62  stm32f10x_tim.o(.text)
    TIM_ETRConfig                            0x080015ad   Thumb Code    28  stm32f10x_tim.o(.text)
    TIM_ETRClockMode1Config                  0x080015c9   Thumb Code    54  stm32f10x_tim.o(.text)
    TIM_ETRClockMode2Config                  0x080015ff   Thumb Code    32  stm32f10x_tim.o(.text)
    TIM_PrescalerConfig                      0x0800161f   Thumb Code     6  stm32f10x_tim.o(.text)
    TIM_CounterModeConfig                    0x08001625   Thumb Code    18  stm32f10x_tim.o(.text)
    TIM_EncoderInterfaceConfig               0x08001637   Thumb Code    66  stm32f10x_tim.o(.text)
    TIM_ForcedOC1Config                      0x08001679   Thumb Code    18  stm32f10x_tim.o(.text)
    TIM_ForcedOC2Config                      0x0800168b   Thumb Code    26  stm32f10x_tim.o(.text)
    TIM_ForcedOC3Config                      0x080016a5   Thumb Code    18  stm32f10x_tim.o(.text)
    TIM_ForcedOC4Config                      0x080016b7   Thumb Code    26  stm32f10x_tim.o(.text)
    TIM_ARRPreloadConfig                     0x080016d1   Thumb Code    24  stm32f10x_tim.o(.text)
    TIM_SelectCOM                            0x080016e9   Thumb Code    24  stm32f10x_tim.o(.text)
    TIM_SelectCCDMA                          0x08001701   Thumb Code    24  stm32f10x_tim.o(.text)
    TIM_CCPreloadControl                     0x08001719   Thumb Code    24  stm32f10x_tim.o(.text)
    TIM_OC1PreloadConfig                     0x08001731   Thumb Code    18  stm32f10x_tim.o(.text)
    TIM_OC2PreloadConfig                     0x08001743   Thumb Code    26  stm32f10x_tim.o(.text)
    TIM_OC3PreloadConfig                     0x0800175d   Thumb Code    18  stm32f10x_tim.o(.text)
    TIM_OC4PreloadConfig                     0x0800176f   Thumb Code    26  stm32f10x_tim.o(.text)
    TIM_OC1FastConfig                        0x08001789   Thumb Code    18  stm32f10x_tim.o(.text)
    TIM_OC2FastConfig                        0x0800179b   Thumb Code    26  stm32f10x_tim.o(.text)
    TIM_OC3FastConfig                        0x080017b5   Thumb Code    18  stm32f10x_tim.o(.text)
    TIM_OC4FastConfig                        0x080017c7   Thumb Code    26  stm32f10x_tim.o(.text)
    TIM_ClearOC1Ref                          0x080017e1   Thumb Code    18  stm32f10x_tim.o(.text)
    TIM_ClearOC2Ref                          0x080017f3   Thumb Code    24  stm32f10x_tim.o(.text)
    TIM_ClearOC3Ref                          0x0800180b   Thumb Code    18  stm32f10x_tim.o(.text)
    TIM_ClearOC4Ref                          0x0800181d   Thumb Code    24  stm32f10x_tim.o(.text)
    TIM_OC1PolarityConfig                    0x08001835   Thumb Code    18  stm32f10x_tim.o(.text)
    TIM_OC1NPolarityConfig                   0x08001847   Thumb Code    18  stm32f10x_tim.o(.text)
    TIM_OC2PolarityConfig                    0x08001859   Thumb Code    26  stm32f10x_tim.o(.text)
    TIM_OC2NPolarityConfig                   0x08001873   Thumb Code    26  stm32f10x_tim.o(.text)
    TIM_OC3PolarityConfig                    0x0800188d   Thumb Code    26  stm32f10x_tim.o(.text)
    TIM_OC3NPolarityConfig                   0x080018a7   Thumb Code    26  stm32f10x_tim.o(.text)
    TIM_OC4PolarityConfig                    0x080018c1   Thumb Code    26  stm32f10x_tim.o(.text)
    TIM_CCxCmd                               0x080018db   Thumb Code    30  stm32f10x_tim.o(.text)
    TIM_CCxNCmd                              0x080018f9   Thumb Code    30  stm32f10x_tim.o(.text)
    TIM_SelectOCxM                           0x08001917   Thumb Code    82  stm32f10x_tim.o(.text)
    TIM_UpdateDisableConfig                  0x08001969   Thumb Code    24  stm32f10x_tim.o(.text)
    TIM_UpdateRequestConfig                  0x08001981   Thumb Code    24  stm32f10x_tim.o(.text)
    TIM_SelectHallSensor                     0x08001999   Thumb Code    24  stm32f10x_tim.o(.text)
    TIM_SelectOnePulseMode                   0x080019b1   Thumb Code    18  stm32f10x_tim.o(.text)
    TIM_SelectOutputTrigger                  0x080019c3   Thumb Code    18  stm32f10x_tim.o(.text)
    TIM_SelectSlaveMode                      0x080019d5   Thumb Code    18  stm32f10x_tim.o(.text)
    TIM_SelectMasterSlaveMode                0x080019e7   Thumb Code    18  stm32f10x_tim.o(.text)
    TIM_SetCounter                           0x080019f9   Thumb Code     4  stm32f10x_tim.o(.text)
    TIM_SetAutoreload                        0x080019fd   Thumb Code     4  stm32f10x_tim.o(.text)
    TIM_SetCompare1                          0x08001a01   Thumb Code     4  stm32f10x_tim.o(.text)
    TIM_SetCompare2                          0x08001a05   Thumb Code     4  stm32f10x_tim.o(.text)
    TIM_SetCompare3                          0x08001a09   Thumb Code     4  stm32f10x_tim.o(.text)
    TIM_SetCompare4                          0x08001a0d   Thumb Code     6  stm32f10x_tim.o(.text)
    TIM_SetClockDivision                     0x08001a13   Thumb Code    18  stm32f10x_tim.o(.text)
    TIM_GetCapture1                          0x08001a25   Thumb Code     6  stm32f10x_tim.o(.text)
    TIM_GetCapture2                          0x08001a2b   Thumb Code     6  stm32f10x_tim.o(.text)
    TIM_GetCapture3                          0x08001a31   Thumb Code     6  stm32f10x_tim.o(.text)
    TIM_GetCapture4                          0x08001a37   Thumb Code     8  stm32f10x_tim.o(.text)
    TIM_GetCounter                           0x08001a3f   Thumb Code     6  stm32f10x_tim.o(.text)
    TIM_GetPrescaler                         0x08001a45   Thumb Code     6  stm32f10x_tim.o(.text)
    TIM_GetFlagStatus                        0x08001a4b   Thumb Code    18  stm32f10x_tim.o(.text)
    TIM_ClearFlag                            0x08001a5d   Thumb Code     6  stm32f10x_tim.o(.text)
    TIM_GetITStatus                          0x08001a63   Thumb Code    34  stm32f10x_tim.o(.text)
    TIM_ClearITPendingBit                    0x08001a85   Thumb Code     6  stm32f10x_tim.o(.text)
    NVIC_PriorityGroupConfig                 0x08001a8d   Thumb Code    10  misc.o(.text)
    NVIC_Init                                0x08001a97   Thumb Code   100  misc.o(.text)
    NVIC_SetVectorTable                      0x08001afb   Thumb Code    14  misc.o(.text)
    NVIC_SystemLPConfig                      0x08001b09   Thumb Code    34  misc.o(.text)
    SysTick_CLKSourceConfig                  0x08001b2b   Thumb Code    40  misc.o(.text)
    main                                     0x08001b69   Thumb Code    30  main.o(.text)
    Arc4Test                                 0x08001b87   Thumb Code   118  main.o(.text)
    Str2HexPainTest                          0x08001bfd   Thumb Code    56  main.o(.text)
    HSIClock_Init                            0x08001c35   Thumb Code   116  main.o(.text)
    RSA_Test                                 0x08001ca9   Thumb Code    60  main.o(.text)
    Error_Handler                            0x08001ce5   Thumb Code    10  main.o(.text)
    TIM2_IRQHandler                          0x08001d5d   Thumb Code    80  stm32f10x_it.o(.text)
    Get_ChipID                               0x08001dbd   Thumb Code   172  chipid.o(.text)
    MISI                                     0x08001e69   Thumb Code    24  chipid.o(.text)
    TIM2_GPIO_Config                         0x08001e91   Thumb Code    38  time2_app.o(.text)
    TIM2_NVIC_Configuration                  0x08001eb7   Thumb Code    42  time2_app.o(.text)
    TIM2_Configuration                       0x08001ee1   Thumb Code    82  time2_app.o(.text)
    Tim2_Configure                           0x08001f33   Thumb Code    12  time2_app.o(.text)
    delay_init                               0x08001f45   Thumb Code    56  delay.o(.text)
    delay_us                                 0x08001f7d   Thumb Code    56  delay.o(.text)
    delay_ms                                 0x08001fb5   Thumb Code    56  delay.o(.text)
    Usart_str                                0x08001ff5   Thumb Code   138  usart_string.o(.text)
    SystemInit                               0x0800216b   Thumb Code    78  system_stm32f10x.o(.text)
    SystemCoreClockUpdate                    0x080021b9   Thumb Code   142  system_stm32f10x.o(.text)
    USART1_Config                            0x0800226d   Thumb Code   114  usart1.o(.text)
    fputc                                    0x080022df   Thumb Code    32  usart1.o(.text)
    USART1_printf                            0x08002361   Thumb Code   262  usart1.o(.text)
    Admin_set                                0x08002471   Thumb Code   290  admin.o(.text)
    Userset_result                           0x08002593   Thumb Code   128  admin.o(.text)
    Opendata_A                               0x08002a33   Thumb Code   168  admin.o(.text)
    DeleteRecord                             0x08002adb   Thumb Code   368  admin.o(.text)
    Check_Listing                            0x08002f9b   Thumb Code   180  admin.o(.text)
    detResult_send                           0x0800304f   Thumb Code   138  admin.o(.text)
    Detleting                                0x080030d9   Thumb Code   616  admin.o(.text)
    User_det                                 0x08003341   Thumb Code   346  admin.o(.text)
    Change_temcount                          0x0800349b   Thumb Code   250  admin.o(.text)
    FindThisUserBase_Name                    0x08003595   Thumb Code   238  admin.o(.text)
    Com_set                                  0x08003689   Thumb Code   316  com_user.o(.text)
    FindThisComUserBase_Name_Logpwd          0x080037c5   Thumb Code   150  com_user.o(.text)
    AT24CXX_Init                             0x080038a5   Thumb Code     8  24cxx.o(.text)
    AT24CXX_ReadOneByte                      0x080038ad   Thumb Code    84  24cxx.o(.text)
    AT24CXX_WriteOneByte                     0x08003901   Thumb Code    76  24cxx.o(.text)
    AT24CXX_WriteLenByte                     0x0800394d   Thumb Code    42  24cxx.o(.text)
    AT24CXX_ReadLenByte                      0x08003977   Thumb Code    44  24cxx.o(.text)
    AT24CXX_Check                            0x080039a3   Thumb Code    46  24cxx.o(.text)
    AT24CXX_Read                             0x080039d1   Thumb Code    34  24cxx.o(.text)
    AT24CXX_Write                            0x080039f3   Thumb Code    36  24cxx.o(.text)
    AT24CXX_Write_WORD                       0x08003a17   Thumb Code    78  24cxx.o(.text)
    AT24C128_ID                              0x08003a65   Thumb Code   146  24cxx.o(.text)
    AT24C128_Save                            0x08003af7   Thumb Code    38  24cxx.o(.text)
    AT24C128_Read                            0x08003b1d   Thumb Code    40  24cxx.o(.text)
    IIC_Init                                 0x08003b51   Thumb Code    46  myiic.o(.text)
    IIC_Start                                0x08003b7f   Thumb Code    64  myiic.o(.text)
    IIC_Stop                                 0x08003bbf   Thumb Code    66  myiic.o(.text)
    IIC_Wait_Ack                             0x08003c01   Thumb Code    86  myiic.o(.text)
    IIC_Ack                                  0x08003c57   Thumb Code    70  myiic.o(.text)
    IIC_NAck                                 0x08003c9d   Thumb Code    70  myiic.o(.text)
    IIC_Send_Byte                            0x08003ce3   Thumb Code   104  myiic.o(.text)
    IIC_Read_Byte                            0x08003d4b   Thumb Code   100  myiic.o(.text)
    Tem_set                                  0x08003dbd   Thumb Code   354  tem_user.o(.text)
    FindThisTemUserBase_Name_Logpwd          0x08003f1f   Thumb Code   150  tem_user.o(.text)
    Open_door                                0x08004011   Thumb Code    84  door_control.o(.text)
    Close_door                               0x08004065   Thumb Code    84  door_control.o(.text)
    myStringCopysomelen                      0x080040b9   Thumb Code    32  door_control.o(.text)
    Menci_config                             0x080040d9   Thumb Code    38  door_control.o(.text)
    JSON_Open                                0x080040ff   Thumb Code   772  door_control.o(.text)
    ClearRecord                              0x08004489   Thumb Code    22  json_infer.o(.text)
    ClearUser                                0x0800449f   Thumb Code    34  json_infer.o(.text)
    strCopy                                  0x080044c1   Thumb Code    34  json_infer.o(.text)
    SendResetThisUserResetLogPwdResult       0x080044e3   Thumb Code   182  json_infer.o(.text)
    FindThisUserInAllUserBase_Name_LogPwd    0x08004599   Thumb Code   328  json_infer.o(.text)
    resetThisUserLogPwd                      0x080046e1   Thumb Code   148  json_infer.o(.text)
    SendResetThisUserResetOpenPwdResult      0x08004775   Thumb Code   198  json_infer.o(.text)
    ResetThisUserOpenPwd                     0x0800483b   Thumb Code   148  json_infer.o(.text)
    SendThisUserLogResult                    0x08004981   Thumb Code   352  json_infer.o(.text)
    UserLogVerify                            0x08004ae1   Thumb Code   114  json_infer.o(.text)
    JSON_Handle                              0x08004b53   Thumb Code   390  json_infer.o(.text)
    cJSON_GetErrorPtr                        0x08004d01   Thumb Code     6  cjson.o(.text)
    cJSON_InitHooks                          0x08004d81   Thumb Code    48  cjson.o(.text)
    cJSON_Delete                             0x08004dcb   Thumb Code    84  cjson.o(.text)
    cJSON_ParseWithOpts                      0x08005a27   Thumb Code   108  cjson.o(.text)
    cJSON_Parse                              0x08005a93   Thumb Code    16  cjson.o(.text)
    cJSON_Print                              0x08006289   Thumb Code    18  cjson.o(.text)
    cJSON_PrintUnformatted                   0x0800629b   Thumb Code    18  cjson.o(.text)
    cJSON_PrintBuffered                      0x080062ad   Thumb Code    50  cjson.o(.text)
    cJSON_PrintPreallocated                  0x080062df   Thumb Code    50  cjson.o(.text)
    cJSON_GetArraySize                       0x08006311   Thumb Code    18  cjson.o(.text)
    cJSON_GetArrayItem                       0x08006323   Thumb Code    26  cjson.o(.text)
    cJSON_GetObjectItem                      0x0800633d   Thumb Code    38  cjson.o(.text)
    cJSON_HasObjectItem                      0x08006363   Thumb Code    24  cjson.o(.text)
    cJSON_AddItemToArray                     0x080063b1   Thumb Code    40  cjson.o(.text)
    cJSON_AddItemToObject                    0x080063d9   Thumb Code    44  cjson.o(.text)
    cJSON_AddItemToObjectCS                  0x08006405   Thumb Code    54  cjson.o(.text)
    cJSON_AddItemReferenceToArray            0x0800643b   Thumb Code    24  cjson.o(.text)
    cJSON_AddItemReferenceToObject           0x08006453   Thumb Code    32  cjson.o(.text)
    cJSON_DetachItemFromArray                0x08006473   Thumb Code    66  cjson.o(.text)
    cJSON_DeleteItemFromArray                0x080064b5   Thumb Code    22  cjson.o(.text)
    cJSON_DetachItemFromObject               0x080064cb   Thumb Code    50  cjson.o(.text)
    cJSON_DeleteItemFromObject               0x080064fd   Thumb Code    22  cjson.o(.text)
    cJSON_InsertItemInArray                  0x08006513   Thumb Code    64  cjson.o(.text)
    cJSON_ReplaceItemInArray                 0x08006553   Thumb Code    76  cjson.o(.text)
    cJSON_ReplaceItemInObject                0x0800659f   Thumb Code    82  cjson.o(.text)
    cJSON_CreateNull                         0x080065f1   Thumb Code    18  cjson.o(.text)
    cJSON_CreateTrue                         0x08006603   Thumb Code    18  cjson.o(.text)
    cJSON_CreateFalse                        0x08006615   Thumb Code    18  cjson.o(.text)
    cJSON_CreateBool                         0x08006627   Thumb Code    26  cjson.o(.text)
    cJSON_CreateNumber                       0x08006641   Thumb Code    36  cjson.o(.text)
    cJSON_CreateString                       0x08006665   Thumb Code    42  cjson.o(.text)
    cJSON_CreateArray                        0x0800668f   Thumb Code    26  cjson.o(.text)
    cJSON_CreateObject                       0x080066a9   Thumb Code    18  cjson.o(.text)
    cJSON_CreateIntArray                     0x080066bb   Thumb Code    82  cjson.o(.text)
    cJSON_CreateFloatArray                   0x0800670d   Thumb Code    82  cjson.o(.text)
    cJSON_CreateDoubleArray                  0x0800675f   Thumb Code    82  cjson.o(.text)
    cJSON_CreateStringArray                  0x080067b1   Thumb Code    76  cjson.o(.text)
    cJSON_Duplicate                          0x080067fd   Thumb Code   188  cjson.o(.text)
    cJSON_Minify                             0x080068b9   Thumb Code   186  cjson.o(.text)
    STM32_ARC4_Encrypt                       0x08006975   Thumb Code   104  arc4.o(.text)
    Arc4EncryptNeedStrCiphertext             0x080069dd   Thumb Code   112  arc4.o(.text)
    STM32_ARC4_Decrypt                       0x08006a4d   Thumb Code   104  arc4.o(.text)
    Arc4DecryptFromHexPainText               0x08006ab5   Thumb Code   118  arc4.o(.text)
    Arc4Encrypt                              0x08006b2b   Thumb Code    86  arc4.o(.text)
    Arc4Decrypt                              0x08006b81   Thumb Code    86  arc4.o(.text)
    RC4_Key                                  0x08006bd7   Thumb Code   106  arc4.o(.text)
    RSA_Encrypt                              0x08006c6d   Thumb Code    90  rsa_think.o(.text)
    RSA_Public_Encrypt                       0x08006cc7   Thumb Code   150  rsa_think.o(.text)
    RSA_Handler                              0x08006df1   Thumb Code    80  rsa_think.o(.text)
    RSA_Decrypt                              0x08006e41   Thumb Code    66  rsa_think.o(.text)
    Buffercmp                                0x08006e83   Thumb Code    36  rsa_think.o(.text)
    Str2HexV1                                0x0800709f   Thumb Code    42  str_hex.o(.text)
    Hex2Str                                  0x080070c9   Thumb Code   550  str_hex.o(.text)
    Str2HexPain                              0x080072ef   Thumb Code   182  str_hex.o(.text)
    Str2Hex                                  0x080073a5   Thumb Code   318  str_hex.o(.text)
    tolower                                  0x080074e9   Thumb Code    12  tolower.o(.text)
    ___aeabi_memcpy8$move                    0x080074f5   Thumb Code     0  memmovea.o(.text)
    __aeabi_memcpy                           0x080074f5   Thumb Code    64  memmovea.o(.text)
    __aeabi_memcpy4                          0x080074f5   Thumb Code     0  memmovea.o(.text)
    __aeabi_memmove                          0x080074f5   Thumb Code     0  memmovea.o(.text)
    __aeabi_memmove4                         0x080074f5   Thumb Code     0  memmovea.o(.text)
    __aeabi_memmove8                         0x080074f5   Thumb Code     0  memmovea.o(.text)
    __aeabi_memset                           0x08007535   Thumb Code    14  memseta.o(.text)
    __aeabi_memset4                          0x08007535   Thumb Code     0  memseta.o(.text)
    __aeabi_memset8                          0x08007535   Thumb Code     0  memseta.o(.text)
    __aeabi_memclr                           0x08007543   Thumb Code     4  memseta.o(.text)
    __aeabi_memclr4                          0x08007543   Thumb Code     0  memseta.o(.text)
    __aeabi_memclr8                          0x08007543   Thumb Code     0  memseta.o(.text)
    _memset$wrapper                          0x08007547   Thumb Code    18  memseta.o(.text)
    strchr                                   0x08007559   Thumb Code    20  strchr.o(.text)
    strlen                                   0x0800756d   Thumb Code    14  strlen.o(.text)
    strcmp                                   0x0800757b   Thumb Code    28  strcmp.o(.text)
    strcpy                                   0x08007597   Thumb Code    18  strcpy.o(.text)
    strncmp                                  0x080075a9   Thumb Code    30  strncmp.o(.text)
    atoi                                     0x080075c7   Thumb Code    26  atoi.o(.text)
    __aeabi_dadd                             0x080075e1   Thumb Code   322  dadd.o(.text)
    __aeabi_dsub                             0x08007723   Thumb Code     6  dadd.o(.text)
    __aeabi_drsub                            0x08007729   Thumb Code     6  dadd.o(.text)
    __aeabi_dmul                             0x0800772f   Thumb Code   228  dmul.o(.text)
    __aeabi_i2d                              0x08007813   Thumb Code    34  dflti.o(.text)
    __aeabi_d2iz                             0x08007835   Thumb Code    62  dfixi.o(.text)
    __aeabi_f2d                              0x08007873   Thumb Code    38  f2d.o(.text)
    __aeabi_cdcmpeq                          0x08007899   Thumb Code     0  cdcmple.o(.text)
    __aeabi_cdcmple                          0x08007899   Thumb Code    48  cdcmple.o(.text)
    __aeabi_cdrcmple                         0x080078c9   Thumb Code    48  cdrcmple.o(.text)
    __aeabi_uidiv                            0x080078f9   Thumb Code     0  uidiv.o(.text)
    __aeabi_uidivmod                         0x080078f9   Thumb Code    44  uidiv.o(.text)
    __aeabi_uldivmod                         0x08007925   Thumb Code    98  uldiv.o(.text)
    __aeabi_llsl                             0x08007987   Thumb Code    30  llshl.o(.text)
    _ll_shift_l                              0x08007987   Thumb Code     0  llshl.o(.text)
    __aeabi_llsr                             0x080079a5   Thumb Code    32  llushr.o(.text)
    _ll_ushift_r                             0x080079a5   Thumb Code     0  llushr.o(.text)
    __aeabi_lasr                             0x080079c5   Thumb Code    36  llsshr.o(.text)
    _ll_sshift_r                             0x080079c5   Thumb Code     0  llsshr.o(.text)
    strtol                                   0x080079e9   Thumb Code   112  strtol.o(.text)
    __I$use$fp                               0x08007a59   Thumb Code     0  iusefp.o(.text)
    _double_round                            0x08007a59   Thumb Code    30  depilogue.o(.text)
    _double_epilogue                         0x08007a77   Thumb Code   156  depilogue.o(.text)
    __aeabi_ddiv                             0x08007b13   Thumb Code   222  ddiv.o(.text)
    __ARM_scalbn                             0x08007bf1   Thumb Code    46  dscalb.o(.text)
    scalbn                                   0x08007bf1   Thumb Code     0  dscalb.o(.text)
    __aeabi_d2ulz                            0x08007c1f   Thumb Code    48  dfixul.o(.text)
    __scatterload                            0x08007c51   Thumb Code    28  init.o(.text)
    __scatterload_rt2                        0x08007c51   Thumb Code     0  init.o(.text)
    __rt_ctype_table                         0x08007c75   Thumb Code     4  ctype_o.o(.text)
    _strtoul                                 0x08007c7d   Thumb Code   158  _strtoul.o(.text)
    _dsqrt                                   0x08007d1b   Thumb Code   162  dsqrt.o(.text)
    _chval                                   0x08007dbd   Thumb Code    28  _chval.o(.text)
    AES_general_SW_enc                       0x08007dd9   Thumb Code   758  crypto.o(i.AES_general_SW_enc)
    ARC4_Decrypt_Append                      0x080082b1   Thumb Code    16  crypto.o(i.ARC4_Decrypt_Append)
    ARC4_Decrypt_Finish                      0x080082c1   Thumb Code    26  crypto.o(i.ARC4_Decrypt_Finish)
    ARC4_Decrypt_Init                        0x080082db   Thumb Code   132  crypto.o(i.ARC4_Decrypt_Init)
    ARC4_Encrypt_Append                      0x08008361   Thumb Code   344  crypto.o(i.ARC4_Encrypt_Append)
    ARC4_Encrypt_Finish                      0x080084bd   Thumb Code    26  crypto.o(i.ARC4_Encrypt_Finish)
    ARC4_Encrypt_Init                        0x080084d7   Thumb Code   130  crypto.o(i.ARC4_Encrypt_Init)
    Big_to_W8                                0x080086e1   Thumb Code   100  crypto.o(i.Big_to_W8)
    CompareBig                               0x08008745   Thumb Code   160  crypto.o(i.CompareBig)
    CopyBig                                  0x080087e5   Thumb Code    98  crypto.o(i.CopyBig)
    CountBits                                0x08008847   Thumb Code    52  crypto.o(i.CountBits)
    CountBytes                               0x0800887b   Thumb Code    52  crypto.o(i.CountBytes)
    FastMulInnerBase                         0x08008ab1   Thumb Code    92  crypto.o(i.FastMulInnerBase)
    InitBig                                  0x08008b0d   Thumb Code    66  crypto.o(i.InitBig)
    IsZeroBig                                0x08008b4f   Thumb Code    22  crypto.o(i.IsZeroBig)
    LeftShift                                0x08008b65   Thumb Code   116  crypto.o(i.LeftShift)
    ModularExpSlidWin                        0x08008bd9   Thumb Code   596  crypto.o(i.ModularExpSlidWin)
    MontyExit                                0x08008e2d   Thumb Code    66  crypto.o(i.MontyExit)
    MontyInit                                0x08008e6f   Thumb Code   338  crypto.o(i.MontyInit)
    MontyKillAll                             0x08008fc1   Thumb Code    26  crypto.o(i.MontyKillAll)
    MontyKillR2                              0x08008fdb   Thumb Code    12  crypto.o(i.MontyKillR2)
    MontyMul                                 0x08008fe7   Thumb Code   352  crypto.o(i.MontyMul)
    MulBigbyUnInt                            0x08009147   Thumb Code    90  crypto.o(i.MulBigbyUnInt)
    RNGinit                                  0x080091a1   Thumb Code   218  crypto.o(i.RNGinit)
    RSASP1                                   0x08009281   Thumb Code    90  crypto.o(i.RSASP1)
    RSAVP1                                   0x080092e1   Thumb Code    34  crypto.o(i.RSAVP1)
    RSA_PKCS1v15_Decrypt                     0x08009305   Thumb Code   428  crypto.o(i.RSA_PKCS1v15_Decrypt)
    RSA_PKCS1v15_Encrypt                     0x080094b5   Thumb Code   482  crypto.o(i.RSA_PKCS1v15_Encrypt)
    SetZeroBig                               0x0800969d   Thumb Code    38  crypto.o(i.SetZeroBig)
    StAllocBig                               0x080096c3   Thumb Code    66  crypto.o(i.StAllocBig)
    StFreeBig                                0x08009705   Thumb Code    36  crypto.o(i.StFreeBig)
    SubBig                                   0x08009729   Thumb Code   212  crypto.o(i.SubBig)
    Sub_Moduli_Big                           0x080097fd   Thumb Code   260  crypto.o(i.Sub_Moduli_Big)
    W8_to_Big                                0x08009901   Thumb Code   198  crypto.o(i.W8_to_Big)
    __0printf                                0x080099c9   Thumb Code    22  printfa.o(i.__0printf)
    __1printf                                0x080099c9   Thumb Code     0  printfa.o(i.__0printf)
    __2printf                                0x080099c9   Thumb Code     0  printfa.o(i.__0printf)
    __c89printf                              0x080099c9   Thumb Code     0  printfa.o(i.__0printf)
    printf                                   0x080099c9   Thumb Code     0  printfa.o(i.__0printf)
    __0sprintf                               0x080099e9   Thumb Code    34  printfa.o(i.__0sprintf)
    __1sprintf                               0x080099e9   Thumb Code     0  printfa.o(i.__0sprintf)
    __2sprintf                               0x080099e9   Thumb Code     0  printfa.o(i.__0sprintf)
    __c89sprintf                             0x080099e9   Thumb Code     0  printfa.o(i.__0sprintf)
    sprintf                                  0x080099e9   Thumb Code     0  printfa.o(i.__0sprintf)
    __ARM_fpclassify                         0x08009a11   Thumb Code    40  fpclassify.o(i.__ARM_fpclassify)
    __aeabi_errno_addr                       0x08009a39   Thumb Code     4  errno.o(i.__aeabi_errno_addr)
    __rt_errno_addr                          0x08009a39   Thumb Code     0  errno.o(i.__aeabi_errno_addr)
    __kernel_poly                            0x08009a41   Thumb Code   170  poly.o(i.__kernel_poly)
    __mathlib_dbl_divzero                    0x08009aed   Thumb Code    12  dunder.o(i.__mathlib_dbl_divzero)
    __mathlib_dbl_infnan2                    0x08009afd   Thumb Code     4  dunder.o(i.__mathlib_dbl_infnan2)
    __mathlib_dbl_invalid                    0x08009b01   Thumb Code    12  dunder.o(i.__mathlib_dbl_invalid)
    __mathlib_dbl_overflow                   0x08009b0d   Thumb Code    14  dunder.o(i.__mathlib_dbl_overflow)
    __mathlib_dbl_underflow                  0x08009b1d   Thumb Code    10  dunder.o(i.__mathlib_dbl_underflow)
    __scatterload_copy                       0x08009b2d   Thumb Code    14  handlers.o(i.__scatterload_copy)
    __scatterload_null                       0x08009b3b   Thumb Code     2  handlers.o(i.__scatterload_null)
    __scatterload_zeroinit                   0x08009b3d   Thumb Code    14  handlers.o(i.__scatterload_zeroinit)
    __set_errno                              0x08009b4d   Thumb Code     6  errno.o(i.__set_errno)
    crl_DRBG_AES128_Generate                 0x0800a415   Thumb Code   478  crypto.o(i.crl_DRBG_AES128_Generate)
    floor                                    0x0800a71d   Thumb Code   204  floor.o(i.floor)
    free                                     0x0800a7f9   Thumb Code    76  malloc.o(i.free)
    malloc                                   0x0800a849   Thumb Code    92  malloc.o(i.malloc)
    pow                                      0x0800a8b5   Thumb Code  2512  pow.o(i.pow)
    sqrt                                     0x0800b28d   Thumb Code    76  sqrt.o(i.sqrt)
    Sbox                                     0x0800b30c   Data         256  crypto.o(.constdata)
    InvSbox                                  0x0800b40c   Data         256  crypto.o(.constdata)
    rcon                                     0x0800b50c   Data          40  crypto.o(.constdata)
    enc_table                                0x0800b534   Data        1024  crypto.o(.constdata)
    dec_table                                0x0800b934   Data        1024  crypto.o(.constdata)
    SP1                                      0x0800bf54   Data         256  crypto.o(.constdata)
    SP2                                      0x0800c054   Data         256  crypto.o(.constdata)
    SP3                                      0x0800c154   Data         256  crypto.o(.constdata)
    SP4                                      0x0800c254   Data         256  crypto.o(.constdata)
    SP5                                      0x0800c354   Data         256  crypto.o(.constdata)
    SP6                                      0x0800c454   Data         256  crypto.o(.constdata)
    SP7                                      0x0800c554   Data         256  crypto.o(.constdata)
    SP8                                      0x0800c654   Data         256  crypto.o(.constdata)
    K256                                     0x0800c754   Data         256  crypto.o(.constdata)
    sigma                                    0x0800cad8   Data          16  crypto.o(.constdata)
    ge25519_base                             0x0800cb5c   Data         128  crypto.o(.constdata)
    __mathlib_zero                           0x0800cef8   Data           8  qnan.o(.constdata)
    __ctype_table                            0x0800cf00   Data         129  ctype_o.o(.constdata)
    Region$$Table$$Base                      0x0800d058   Number         0  anon$$obj.o(Region$$Table)
    Region$$Table$$Limit                     0x0800d078   Number         0  anon$$obj.o(Region$$Table)
    count_reset                              0x2000001c   Data           1  usart_string.o(.data)
    usart1It                                 0x2000001d   Data           1  usart_string.o(.data)
    SystemCoreClock                          0x20000020   Data           4  system_stm32f10x.o(.data)
    AHBPrescTable                            0x20000024   Data          16  system_stm32f10x.o(.data)
    comuserAdd                               0x20000034   Data           4  admin.o(.data)
    temuserAdd                               0x20000038   Data           4  admin.o(.data)
    comuserNum                               0x2000003c   Data           4  admin.o(.data)
    temuserNum                               0x20000040   Data           4  admin.o(.data)
    det_status                               0x20000044   Data           4  admin.o(.data)
    Opendoor_Staus                           0x20000048   Data           1  door_control.o(.data)
    usernameIndex                            0x2000004c   Data           4  door_control.o(.data)
    openuserIndex                            0x20000050   Data           4  door_control.o(.data)
    entropy_data                             0x20000060   Data          32  rsa_think.o(.data)
    RC4_TestKey                              0x20000080   Data           9  rsa_think.o(.data)
    __stdout                                 0x2000008c   Data           4  stdout.o(.data)
    __microlib_freelist                      0x20000090   Data           4  mvars.o(.data)
    __microlib_freelist_initialised          0x20000094   Data           4  mvars.o(.data)
    ID_buffer                                0x2000009c   Data          12  chipid.o(.bss)
    STM32_ID                                 0x200000a8   Data          24  chipid.o(.bss)
    preallocated_buffer                      0x200000c0   Data        4096  rsa_think.o(.bss)
    __heap_base                              0x200010c0   Data           0  startup_stm32f10x_hd.o(HEAP)
    __heap_limit                             0x20001cc0   Data           0  startup_stm32f10x_hd.o(HEAP)
    __initial_sp                             0x200020c0   Data           0  startup_stm32f10x_hd.o(STACK)



==============================================================================

Memory Map of the image

  Image Entry point : 0x08000131

  Load Region LR_IROM1 (Base: 0x08000000, Size: 0x0000d114, Max: 0x00080000, ABSOLUTE)

    Execution Region ER_IROM1 (Base: 0x08000000, Size: 0x0000d078, Max: 0x00080000, ABSOLUTE)

    Base Addr    Size         Type   Attr      Idx    E Section Name        Object

    0x08000000   0x00000130   Data   RO            3    RESET               startup_stm32f10x_hd.o
    0x08000130   0x00000000   Code   RO         1395  * .ARM.Collect$$$$00000000  mc_w.l(entry.o)
    0x08000130   0x00000004   Code   RO         1752    .ARM.Collect$$$$00000001  mc_w.l(entry2.o)
    0x08000134   0x00000004   Code   RO         1755    .ARM.Collect$$$$00000004  mc_w.l(entry5.o)
    0x08000138   0x00000000   Code   RO         1757    .ARM.Collect$$$$00000008  mc_w.l(entry7b.o)
    0x08000138   0x00000000   Code   RO         1759    .ARM.Collect$$$$0000000A  mc_w.l(entry8b.o)
    0x08000138   0x00000008   Code   RO         1760    .ARM.Collect$$$$0000000B  mc_w.l(entry9a.o)
    0x08000140   0x00000000   Code   RO         1762    .ARM.Collect$$$$0000000D  mc_w.l(entry10a.o)
    0x08000140   0x00000000   Code   RO         1764    .ARM.Collect$$$$0000000F  mc_w.l(entry11a.o)
    0x08000140   0x00000004   Code   RO         1753    .ARM.Collect$$$$00002712  mc_w.l(entry2.o)
    0x08000144   0x00000024   Code   RO            4    .text               startup_stm32f10x_hd.o
    0x08000168   0x0000035c   Code   RO           10    .text               stm32f10x_gpio.o
    0x080004c4   0x000003a4   Code   RO           67    .text               stm32f10x_rcc.o
    0x08000868   0x00000408   Code   RO           81    .text               stm32f10x_usart.o
    0x08000c70   0x00000e1a   Code   RO           93    .text               stm32f10x_tim.o
    0x08001a8a   0x00000002   PAD
    0x08001a8c   0x000000dc   Code   RO          105    .text               misc.o
    0x08001b68   0x000001f4   Code   RO          153    .text               main.o
    0x08001d5c   0x00000060   Code   RO          351    .text               stm32f10x_it.o
    0x08001dbc   0x000000d4   Code   RO          374    .text               chipid.o
    0x08001e90   0x000000b4   Code   RO          389    .text               time2_app.o
    0x08001f44   0x000000b0   Code   RO          401    .text               delay.o
    0x08001ff4   0x00000098   Code   RO          430    .text               usart_string.o
    0x0800208c   0x000001e0   Code   RO          455    .text               system_stm32f10x.o
    0x0800226c   0x00000204   Code   RO          473    .text               usart1.o
    0x08002470   0x00001218   Code   RO          492    .text               admin.o
    0x08003688   0x0000021c   Code   RO          528    .text               com_user.o
    0x080038a4   0x000002ac   Code   RO          540    .text               24cxx.o
    0x08003b50   0x0000026c   Code   RO          556    .text               myiic.o
    0x08003dbc   0x00000254   Code   RO          602    .text               tem_user.o
    0x08004010   0x00000478   Code   RO          614    .text               door_control.o
    0x08004488   0x00000878   Code   RO          633    .text               json_infer.o
    0x08004d00   0x00001c72   Code   RO          649    .text               cjson.o
    0x08006972   0x00000002   PAD
    0x08006974   0x000002f8   Code   RO          680    .text               arc4.o
    0x08006c6c   0x00000294   Code   RO          708    .text               rsa_think.o
    0x08006f00   0x000005e8   Code   RO          724    .text               str_hex.o
    0x080074e8   0x0000000c   Code   RO         1398    .text               mc_w.l(tolower.o)
    0x080074f4   0x00000040   Code   RO         1402    .text               mc_w.l(memmovea.o)
    0x08007534   0x00000024   Code   RO         1404    .text               mc_w.l(memseta.o)
    0x08007558   0x00000014   Code   RO         1406    .text               mc_w.l(strchr.o)
    0x0800756c   0x0000000e   Code   RO         1408    .text               mc_w.l(strlen.o)
    0x0800757a   0x0000001c   Code   RO         1410    .text               mc_w.l(strcmp.o)
    0x08007596   0x00000012   Code   RO         1412    .text               mc_w.l(strcpy.o)
    0x080075a8   0x0000001e   Code   RO         1414    .text               mc_w.l(strncmp.o)
    0x080075c6   0x0000001a   Code   RO         1709    .text               mc_w.l(atoi.o)
    0x080075e0   0x0000014e   Code   RO         1711    .text               mf_w.l(dadd.o)
    0x0800772e   0x000000e4   Code   RO         1713    .text               mf_w.l(dmul.o)
    0x08007812   0x00000022   Code   RO         1715    .text               mf_w.l(dflti.o)
    0x08007834   0x0000003e   Code   RO         1717    .text               mf_w.l(dfixi.o)
    0x08007872   0x00000026   Code   RO         1719    .text               mf_w.l(f2d.o)
    0x08007898   0x00000030   Code   RO         1721    .text               mf_w.l(cdcmple.o)
    0x080078c8   0x00000030   Code   RO         1723    .text               mf_w.l(cdrcmple.o)
    0x080078f8   0x0000002c   Code   RO         1767    .text               mc_w.l(uidiv.o)
    0x08007924   0x00000062   Code   RO         1769    .text               mc_w.l(uldiv.o)
    0x08007986   0x0000001e   Code   RO         1771    .text               mc_w.l(llshl.o)
    0x080079a4   0x00000020   Code   RO         1773    .text               mc_w.l(llushr.o)
    0x080079c4   0x00000024   Code   RO         1775    .text               mc_w.l(llsshr.o)
    0x080079e8   0x00000070   Code   RO         1786    .text               mc_w.l(strtol.o)
    0x08007a58   0x00000000   Code   RO         1788    .text               mc_w.l(iusefp.o)
    0x08007a58   0x000000ba   Code   RO         1789    .text               mf_w.l(depilogue.o)
    0x08007b12   0x000000de   Code   RO         1791    .text               mf_w.l(ddiv.o)
    0x08007bf0   0x0000002e   Code   RO         1793    .text               mf_w.l(dscalb.o)
    0x08007c1e   0x00000030   Code   RO         1795    .text               mf_w.l(dfixul.o)
    0x08007c4e   0x00000002   PAD
    0x08007c50   0x00000024   Code   RO         1797    .text               mc_w.l(init.o)
    0x08007c74   0x00000008   Code   RO         1799    .text               mc_w.l(ctype_o.o)
    0x08007c7c   0x0000009e   Code   RO         1827    .text               mc_w.l(_strtoul.o)
    0x08007d1a   0x000000a2   Code   RO         1829    .text               mf_w.l(dsqrt.o)
    0x08007dbc   0x0000001c   Code   RO         1831    .text               mc_w.l(_chval.o)
    0x08007dd8   0x00000304   Code   RO          807    i.AES_general_SW_enc  STM32CryptographicV3.0.0_CM3_KEIL_otslsm1elfspf.lib(crypto.o)
    0x080080dc   0x000001d4   Code   RO          810    i.AES_keyschedule_enc_LL  STM32CryptographicV3.0.0_CM3_KEIL_otslsm1elfspf.lib(crypto.o)
    0x080082b0   0x00000010   Code   RO          814    i.ARC4_Decrypt_Append  STM32CryptographicV3.0.0_CM3_KEIL_otslsm1elfspf.lib(crypto.o)
    0x080082c0   0x0000001a   Code   RO          815    i.ARC4_Decrypt_Finish  STM32CryptographicV3.0.0_CM3_KEIL_otslsm1elfspf.lib(crypto.o)
    0x080082da   0x00000084   Code   RO          816    i.ARC4_Decrypt_Init  STM32CryptographicV3.0.0_CM3_KEIL_otslsm1elfspf.lib(crypto.o)
    0x0800835e   0x00000002   PAD
    0x08008360   0x0000015c   Code   RO          817    i.ARC4_Encrypt_Append  STM32CryptographicV3.0.0_CM3_KEIL_otslsm1elfspf.lib(crypto.o)
    0x080084bc   0x0000001a   Code   RO          818    i.ARC4_Encrypt_Finish  STM32CryptographicV3.0.0_CM3_KEIL_otslsm1elfspf.lib(crypto.o)
    0x080084d6   0x00000082   Code   RO          819    i.ARC4_Encrypt_Init  STM32CryptographicV3.0.0_CM3_KEIL_otslsm1elfspf.lib(crypto.o)
    0x08008558   0x00000188   Code   RO          821    i.Add_Moduli_Big    STM32CryptographicV3.0.0_CM3_KEIL_otslsm1elfspf.lib(crypto.o)
    0x080086e0   0x00000064   Code   RO          822    i.Big_to_W8         STM32CryptographicV3.0.0_CM3_KEIL_otslsm1elfspf.lib(crypto.o)
    0x08008744   0x000000a0   Code   RO          841    i.CompareBig        STM32CryptographicV3.0.0_CM3_KEIL_otslsm1elfspf.lib(crypto.o)
    0x080087e4   0x00000062   Code   RO          842    i.CopyBig           STM32CryptographicV3.0.0_CM3_KEIL_otslsm1elfspf.lib(crypto.o)
    0x08008846   0x00000034   Code   RO          843    i.CountBits         STM32CryptographicV3.0.0_CM3_KEIL_otslsm1elfspf.lib(crypto.o)
    0x0800887a   0x00000034   Code   RO          844    i.CountBytes        STM32CryptographicV3.0.0_CM3_KEIL_otslsm1elfspf.lib(crypto.o)
    0x080088ae   0x00000002   PAD
    0x080088b0   0x00000178   Code   RO          858    i.DRBG_AES128_Block_cipher_df  STM32CryptographicV3.0.0_CM3_KEIL_otslsm1elfspf.lib(crypto.o)
    0x08008a28   0x00000088   Code   RO          859    i.DRBG_AES128_Update  STM32CryptographicV3.0.0_CM3_KEIL_otslsm1elfspf.lib(crypto.o)
    0x08008ab0   0x0000005c   Code   RO          893    i.FastMulInnerBase  STM32CryptographicV3.0.0_CM3_KEIL_otslsm1elfspf.lib(crypto.o)
    0x08008b0c   0x00000042   Code   RO          916    i.InitBig           STM32CryptographicV3.0.0_CM3_KEIL_otslsm1elfspf.lib(crypto.o)
    0x08008b4e   0x00000016   Code   RO          917    i.IsZeroBig         STM32CryptographicV3.0.0_CM3_KEIL_otslsm1elfspf.lib(crypto.o)
    0x08008b64   0x00000074   Code   RO          918    i.LeftShift         STM32CryptographicV3.0.0_CM3_KEIL_otslsm1elfspf.lib(crypto.o)
    0x08008bd8   0x00000254   Code   RO          923    i.ModularExpSlidWin  STM32CryptographicV3.0.0_CM3_KEIL_otslsm1elfspf.lib(crypto.o)
    0x08008e2c   0x00000042   Code   RO          927    i.MontyExit         STM32CryptographicV3.0.0_CM3_KEIL_otslsm1elfspf.lib(crypto.o)
    0x08008e6e   0x00000152   Code   RO          928    i.MontyInit         STM32CryptographicV3.0.0_CM3_KEIL_otslsm1elfspf.lib(crypto.o)
    0x08008fc0   0x0000001a   Code   RO          931    i.MontyKillAll      STM32CryptographicV3.0.0_CM3_KEIL_otslsm1elfspf.lib(crypto.o)
    0x08008fda   0x0000000c   Code   RO          932    i.MontyKillR2       STM32CryptographicV3.0.0_CM3_KEIL_otslsm1elfspf.lib(crypto.o)
    0x08008fe6   0x00000160   Code   RO          933    i.MontyMul          STM32CryptographicV3.0.0_CM3_KEIL_otslsm1elfspf.lib(crypto.o)
    0x08009146   0x0000005a   Code   RO          934    i.MulBigbyUnInt     STM32CryptographicV3.0.0_CM3_KEIL_otslsm1elfspf.lib(crypto.o)
    0x080091a0   0x000000e0   Code   RO          948    i.RNGinit           STM32CryptographicV3.0.0_CM3_KEIL_otslsm1elfspf.lib(crypto.o)
    0x08009280   0x00000060   Code   RO          950    i.RSASP1            STM32CryptographicV3.0.0_CM3_KEIL_otslsm1elfspf.lib(crypto.o)
    0x080092e0   0x00000022   Code   RO          951    i.RSAVP1            STM32CryptographicV3.0.0_CM3_KEIL_otslsm1elfspf.lib(crypto.o)
    0x08009302   0x00000002   PAD
    0x08009304   0x000001b0   Code   RO          952    i.RSA_PKCS1v15_Decrypt  STM32CryptographicV3.0.0_CM3_KEIL_otslsm1elfspf.lib(crypto.o)
    0x080094b4   0x000001e8   Code   RO          953    i.RSA_PKCS1v15_Encrypt  STM32CryptographicV3.0.0_CM3_KEIL_otslsm1elfspf.lib(crypto.o)
    0x0800969c   0x00000026   Code   RO          989    i.SetZeroBig        STM32CryptographicV3.0.0_CM3_KEIL_otslsm1elfspf.lib(crypto.o)
    0x080096c2   0x00000042   Code   RO          991    i.StAllocBig        STM32CryptographicV3.0.0_CM3_KEIL_otslsm1elfspf.lib(crypto.o)
    0x08009704   0x00000024   Code   RO          992    i.StFreeBig         STM32CryptographicV3.0.0_CM3_KEIL_otslsm1elfspf.lib(crypto.o)
    0x08009728   0x000000d4   Code   RO          993    i.SubBig            STM32CryptographicV3.0.0_CM3_KEIL_otslsm1elfspf.lib(crypto.o)
    0x080097fc   0x00000104   Code   RO          994    i.Sub_Moduli_Big    STM32CryptographicV3.0.0_CM3_KEIL_otslsm1elfspf.lib(crypto.o)
    0x08009900   0x000000c6   Code   RO         1009    i.W8_to_Big         STM32CryptographicV3.0.0_CM3_KEIL_otslsm1elfspf.lib(crypto.o)
    0x080099c6   0x00000002   PAD
    0x080099c8   0x00000020   Code   RO         1653    i.__0printf         mc_w.l(printfa.o)
    0x080099e8   0x00000028   Code   RO         1655    i.__0sprintf        mc_w.l(printfa.o)
    0x08009a10   0x00000028   Code   RO         1739    i.__ARM_fpclassify  m_ws.l(fpclassify.o)
    0x08009a38   0x00000008   Code   RO         1779    i.__aeabi_errno_addr  mc_w.l(errno.o)
    0x08009a40   0x000000aa   Code   RO         1741    i.__kernel_poly     m_ws.l(poly.o)
    0x08009aea   0x00000002   PAD
    0x08009aec   0x00000010   Code   RO         1725    i.__mathlib_dbl_divzero  m_ws.l(dunder.o)
    0x08009afc   0x00000004   Code   RO         1727    i.__mathlib_dbl_infnan2  m_ws.l(dunder.o)
    0x08009b00   0x0000000c   Code   RO         1728    i.__mathlib_dbl_invalid  m_ws.l(dunder.o)
    0x08009b0c   0x0000000e   Code   RO         1729    i.__mathlib_dbl_overflow  m_ws.l(dunder.o)
    0x08009b1a   0x00000002   PAD
    0x08009b1c   0x00000010   Code   RO         1731    i.__mathlib_dbl_underflow  m_ws.l(dunder.o)
    0x08009b2c   0x0000000e   Code   RO         1835    i.__scatterload_copy  mc_w.l(handlers.o)
    0x08009b3a   0x00000002   Code   RO         1836    i.__scatterload_null  mc_w.l(handlers.o)
    0x08009b3c   0x0000000e   Code   RO         1837    i.__scatterload_zeroinit  mc_w.l(handlers.o)
    0x08009b4a   0x00000002   PAD
    0x08009b4c   0x0000000c   Code   RO         1781    i.__set_errno       mc_w.l(errno.o)
    0x08009b58   0x00000184   Code   RO         1660    i._fp_digits        mc_w.l(printfa.o)
    0x08009cdc   0x000006dc   Code   RO         1661    i._printf_core      mc_w.l(printfa.o)
    0x0800a3b8   0x00000024   Code   RO         1662    i._printf_post_padding  mc_w.l(printfa.o)
    0x0800a3dc   0x0000002e   Code   RO         1663    i._printf_pre_padding  mc_w.l(printfa.o)
    0x0800a40a   0x0000000a   Code   RO         1665    i._sputc            mc_w.l(printfa.o)
    0x0800a414   0x000001de   Code   RO         1011    i.crl_DRBG_AES128_Generate  STM32CryptographicV3.0.0_CM3_KEIL_otslsm1elfspf.lib(crypto.o)
    0x0800a5f2   0x00000128   Code   RO         1014    i.crl_ModularExp    STM32CryptographicV3.0.0_CM3_KEIL_otslsm1elfspf.lib(crypto.o)
    0x0800a71a   0x00000002   PAD
    0x0800a71c   0x000000dc   Code   RO         1382    i.floor             m_ws.l(floor.o)
    0x0800a7f8   0x00000050   Code   RO         1681    i.free              mc_w.l(malloc.o)
    0x0800a848   0x0000006c   Code   RO         1682    i.malloc            mc_w.l(malloc.o)
    0x0800a8b4   0x000009d8   Code   RO         1386    i.pow               m_ws.l(pow.o)
    0x0800b28c   0x0000004c   Code   RO         1745    i.sqrt              m_ws.l(sqrt.o)
    0x0800b2d8   0x00000007   Data   RO          650    .constdata          cjson.o
    0x0800b2df   0x00000001   PAD
    0x0800b2e0   0x00000025   Data   RO          725    .constdata          str_hex.o
    0x0800b305   0x00000003   PAD
    0x0800b308   0x00001b64   Data   RO         1052    .constdata          STM32CryptographicV3.0.0_CM3_KEIL_otslsm1elfspf.lib(crypto.o)
    0x0800ce6c   0x00000004   PAD
    0x0800ce70   0x00000088   Data   RO         1387    .constdata          m_ws.l(pow.o)
    0x0800cef8   0x00000008   Data   RO         1743    .constdata          m_ws.l(qnan.o)
    0x0800cf00   0x00000081   Data   RO         1800    .constdata          mc_w.l(ctype_o.o)
    0x0800cf81   0x00000003   PAD
    0x0800cf84   0x00000004   Data   RO         1801    .constdata          mc_w.l(ctype_o.o)
    0x0800cf88   0x000000cd   Data   RO          155    .conststring        main.o
    0x0800d055   0x00000003   PAD
    0x0800d058   0x00000020   Data   RO         1833    Region$$Table       anon$$obj.o


    Execution Region RW_IRAM1 (Base: 0x20000000, Size: 0x000020c0, Max: 0x00010000, ABSOLUTE)

    Base Addr    Size         Type   Attr      Idx    E Section Name        Object

    0x20000000   0x00000014   Data   RW           68    .data               stm32f10x_rcc.o
    0x20000014   0x00000004   Data   RW          352    .data               stm32f10x_it.o
    0x20000018   0x00000004   Data   RW          402    .data               delay.o
    0x2000001c   0x00000002   Data   RW          431    .data               usart_string.o
    0x2000001e   0x00000002   PAD
    0x20000020   0x00000014   Data   RW          456    .data               system_stm32f10x.o
    0x20000034   0x00000014   Data   RW          493    .data               admin.o
    0x20000048   0x0000000c   Data   RW          615    .data               door_control.o
    0x20000054   0x0000000c   Data   RW          651    .data               cjson.o
    0x20000060   0x00000029   Data   RW          710    .data               rsa_think.o
    0x20000089   0x00000003   PAD
    0x2000008c   0x00000004   Data   RW         1766    .data               mc_w.l(stdout.o)
    0x20000090   0x00000004   Data   RW         1777    .data               mc_w.l(mvars.o)
    0x20000094   0x00000004   Data   RW         1778    .data               mc_w.l(mvars.o)
    0x20000098   0x00000004   Data   RW         1782    .data               mc_w.l(errno.o)
    0x2000009c   0x00000024   Zero   RW          375    .bss                chipid.o
    0x200000c0   0x00001000   Zero   RW          709    .bss                rsa_think.o
    0x200010c0   0x00000c00   Zero   RW            2    HEAP                startup_stm32f10x_hd.o
    0x20001cc0   0x00000400   Zero   RW            1    STACK               startup_stm32f10x_hd.o


==============================================================================

Image component sizes


      Code (inc. data)   RO Data    RW Data    ZI Data      Debug   Object Name

       684         12          0          0          0       4250   24cxx.o
      4632        436          0         20          0      11585   admin.o
       760         44          0          0          0       7508   arc4.o
       212         16          0          0         36       1387   chipid.o
      7282        190          7         12          0      25784   cjson.o
       540         74          0          0          0       1754   com_user.o
       176          8          0          4          0       1007   delay.o
      1144        134          0         12          0       2871   door_control.o
      2168        194          0          0          0      20981   json_infer.o
       500        110        205          0          0       8177   main.o
       220         22          0          0          0       1717   misc.o
       620         14          0          0          0       1868   myiic.o
       660         90          0         41       4096       4018   rsa_think.o
        36          8        304          0       4096        828   startup_stm32f10x_hd.o
       860         38          0          0          0     258261   stm32f10x_gpio.o
        96         16          0          4          0        538   stm32f10x_it.o
       932         36          0         20          0       8808   stm32f10x_rcc.o
      3610         88          0          0          0      22764   stm32f10x_tim.o
      1032         22          0          0          0       8376   stm32f10x_usart.o
      1512          6         37          0          0       4032   str_hex.o
       480         38          0         20          0       1743   system_stm32f10x.o
       596         92          0          0          0       1778   tem_user.o
       180          6          0          0          0        989   time2_app.o
       516         10          0          0          0       3980   usart1.o
       152         14          0          2          0        939   usart_string.o

    ----------------------------------------------------------------------
     29604       1718        592        140       8228     405943   Object Totals
         0          0         32          0          0          0   (incl. Generated)
         4          0          7          5          0          0   (incl. Padding)

    ----------------------------------------------------------------------

      Code (inc. data)   RO Data    RW Data    ZI Data      Debug   Library Member Name

      7918         56       7012          0          0       3604   crypto.o
        62         10          0          0          0        340   dunder.o
       220         16          0          0          0         84   floor.o
        40          0          0          0          0         68   fpclassify.o
       170          0          0          0          0         96   poly.o
      2520        190        136          0          0        324   pow.o
         0          0          8          0          0          0   qnan.o
        76          0          0          0          0         84   sqrt.o
        28          0          0          0          0         68   _chval.o
       158          0          0          0          0         92   _strtoul.o
        26          0          0          0          0         80   atoi.o
         8          4        133          0          0         68   ctype_o.o
         0          0          0          0          0          0   entry.o
         0          0          0          0          0          0   entry10a.o
         0          0          0          0          0          0   entry11a.o
         8          4          0          0          0          0   entry2.o
         4          0          0          0          0          0   entry5.o
         0          0          0          0          0          0   entry7b.o
         0          0          0          0          0          0   entry8b.o
         8          4          0          0          0          0   entry9a.o
        20         10          0          4          0        136   errno.o
        30          0          0          0          0          0   handlers.o
        36          8          0          0          0         68   init.o
         0          0          0          0          0          0   iusefp.o
        30          0          0          0          0         68   llshl.o
        36          0          0          0          0         68   llsshr.o
        32          0          0          0          0         68   llushr.o
       188         20          0          0          0        160   malloc.o
        64          0          0          0          0         76   memmovea.o
        36          0          0          0          0        108   memseta.o
         0          0          0          8          0          0   mvars.o
      2308         96          0          0          0        604   printfa.o
         0          0          0          4          0          0   stdout.o
        20          0          0          0          0         68   strchr.o
        28          0          0          0          0         76   strcmp.o
        18          0          0          0          0         68   strcpy.o
        14          0          0          0          0         68   strlen.o
        30          0          0          0          0         80   strncmp.o
       112          0          0          0          0         88   strtol.o
        12          0          0          0          0         68   tolower.o
        44          0          0          0          0         80   uidiv.o
        98          0          0          0          0         92   uldiv.o
        48          0          0          0          0         68   cdcmple.o
        48          0          0          0          0         68   cdrcmple.o
       334          0          0          0          0        148   dadd.o
       222          0          0          0          0        100   ddiv.o
       186          0          0          0          0        176   depilogue.o
        62          0          0          0          0         80   dfixi.o
        48          0          0          0          0         68   dfixul.o
        34          0          0          0          0         76   dflti.o
       228          0          0          0          0         96   dmul.o
        46          0          0          0          0         80   dscalb.o
       162          0          0          0          0        100   dsqrt.o
        38          0          0          0          0         68   f2d.o

    ----------------------------------------------------------------------
     15876        418       7296         16          0       8080   Library Totals
        18          0          7          0          0          0   (incl. Padding)

    ----------------------------------------------------------------------

      Code (inc. data)   RO Data    RW Data    ZI Data      Debug   Library Name

      7918         56       7012          0          0       3604   STM32CryptographicV3.0.0_CM3_KEIL_otslsm1elfspf.lib
      3088        216        144          0          0        996   m_ws.l
      3396        146        133         16          0       2352   mc_w.l
      1456          0          0          0          0       1128   mf_w.l

    ----------------------------------------------------------------------
     15876        418       7296         16          0       8080   Library Totals

    ----------------------------------------------------------------------

==============================================================================


      Code (inc. data)   RO Data    RW Data    ZI Data      Debug   

     45480       2136       7888        156       8228     407935   Grand Totals
     45480       2136       7888        156       8228     407935   ELF Image Totals
     45480       2136       7888        156          0          0   ROM Totals

==============================================================================

    Total RO  Size (Code + RO Data)                53368 (  52.12kB)
    Total RW  Size (RW Data + ZI Data)              8384 (   8.19kB)
    Total ROM Size (Code + RO Data + RW Data)      53524 (  52.27kB)

==============================================================================

